{"errorCode":"INTERNAL_ERROR","ip":"::1","level":"error","message":"getaddrinfo ENOTFOUND cluster0-shard-00-00.t6d4u.mongodb.net","method":"POST","path":"/api/v1/auth/refresh-token","requestId":"40557e78-2f87-4512-89df-a16cf6ed859e","service":"identity-service","stack":"MongoServerSelectionError: getaddrinfo ENOTFOUND cluster0-shard-00-00.t6d4u.mongodb.net\n    at Timeout._onTimeout (C:\\all-desktop-project\\xynapse-mono-repo\\node_modules\\mongodb\\lib\\sdam\\topology.js:278:38)\n    at listOnTimeout (node:internal/timers:581:17)\n    at process.processTimers (node:internal/timers:519:7)","statusCode":500,"timestamp":"2026-03-27T18:39:43.245Z"}
{"errorCode":"INTERNAL_ERROR","ip":"::1","level":"error","message":"getaddrinfo ENOTFOUND cluster0-shard-00-00.t6d4u.mongodb.net","method":"POST","path":"/api/v1/auth/refresh-token","requestId":"3adcd892-32dd-4fb1-90de-9d274fb67a0f","service":"identity-service","stack":"MongoServerSelectionError: getaddrinfo ENOTFOUND cluster0-shard-00-00.t6d4u.mongodb.net\n    at Timeout._onTimeout (C:\\all-desktop-project\\xynapse-mono-repo\\node_modules\\mongodb\\lib\\sdam\\topology.js:278:38)\n    at listOnTimeout (node:internal/timers:581:17)\n    at process.processTimers (node:internal/timers:519:7)","statusCode":500,"timestamp":"2026-03-27T18:39:46.294Z"}
{"errorCode":"INTERNAL_ERROR","ip":"::1","level":"error","message":"getaddrinfo ENOTFOUND cluster0-shard-00-00.t6d4u.mongodb.net","method":"POST","path":"/api/v1/auth/refresh-token","requestId":"22b0b14a-b4a2-4e3b-8e6a-ba6e8727f87f","service":"identity-service","stack":"MongoServerSelectionError: getaddrinfo ENOTFOUND cluster0-shard-00-00.t6d4u.mongodb.net\n    at Timeout._onTimeout (C:\\all-desktop-project\\xynapse-mono-repo\\node_modules\\mongodb\\lib\\sdam\\topology.js:278:38)\n    at listOnTimeout (node:internal/timers:581:17)\n    at process.processTimers (node:internal/timers:519:7)","statusCode":500,"timestamp":"2026-03-27T18:39:47.788Z"}
{"level":"info","message":"[LOGIN_ATTEMPT] RID: f63fa61a-60cd-427d-9239-f3067c09b808 - Email: tetoxo3534@smkanba.com","service":"identity-service","timestamp":"2026-03-27T18:39:58.847Z"}
{"errorCode":"INTERNAL_ERROR","ip":"::1","level":"error","message":"connect ETIMEDOUT 64:ff9b::9f29:b7d2:27017, connect ETIMEDOUT 159.41.183.210:27017","method":"POST","path":"/api/v1/auth/refresh-token","requestId":"37b0bce0-6f35-4493-ade3-e9d5c49ebece","service":"identity-service","stack":"MongoServerSelectionError: connect ETIMEDOUT 64:ff9b::9f29:b7d2:27017, connect ETIMEDOUT 159.41.183.210:27017\n    at Timeout._onTimeout (C:\\all-desktop-project\\xynapse-mono-repo\\node_modules\\mongodb\\lib\\sdam\\topology.js:278:38)\n    at listOnTimeout (node:internal/timers:581:17)\n    at process.processTimers (node:internal/timers:519:7)","statusCode":500,"timestamp":"2026-03-27T18:40:09.279Z"}
{"errorCode":"INTERNAL_ERROR","ip":"::1","level":"error","message":"connect ETIMEDOUT 159.41.183.210:27017, connect ETIMEDOUT 64:ff9b::9f29:b7d2:27017","method":"POST","path":"/api/v1/auth/login","requestId":"f63fa61a-60cd-427d-9239-f3067c09b808","service":"identity-service","stack":"MongoServerSelectionError: connect ETIMEDOUT 159.41.183.210:27017, connect ETIMEDOUT 64:ff9b::9f29:b7d2:27017\n    at Timeout._onTimeout (C:\\all-desktop-project\\xynapse-mono-repo\\node_modules\\mongodb\\lib\\sdam\\topology.js:278:38)\n    at listOnTimeout (node:internal/timers:581:17)\n    at process.processTimers (node:internal/timers:519:7)","statusCode":500,"timestamp":"2026-03-27T18:40:28.853Z"}
{"level":"info","message":"[LOGIN_ATTEMPT] RID: 0af5da1c-74e2-404b-a541-e00908d41657 - Email: tetoxo3534@smkanba.com","service":"identity-service","timestamp":"2026-03-27T18:40:56.486Z"}
{"level":"info","message":"[LOGIN_SUCCESS] RID: 0af5da1c-74e2-404b-a541-e00908d41657 - User: tetoxo3534@smkanba.com logged in directly","service":"identity-service","timestamp":"2026-03-27T18:40:57.207Z"}
{"level":"info","message":"[UserDetailsFetched] RID: 3ae21d6d-3582-416f-8f16-c12573cebd6a - UserID: 69c6833d6a7053d56d8a4ea5","service":"identity-service","timestamp":"2026-03-27T18:41:08.039Z"}
{"level":"info","message":"[UserDetailsFetched] RID: 4af90648-7e1b-4b5b-b176-79ff945a2a33 - UserID: 69c6833d6a7053d56d8a4ea5","service":"identity-service","timestamp":"2026-03-27T18:41:08.206Z"}
{"level":"info","message":"[LogoutService] RID: 18702634-3a8f-4d1d-bdca-fd4239bb932c - Session 69c6cf39fc1422a0c8b0bfec revoked successfully.","service":"identity-service","timestamp":"2026-03-27T18:50:00.531Z"}
{"level":"info","message":"[ResetTokenGenerated] RID: 754c6daa-0563-4de9-a674-d1dbbd594b0a - User: tetoxo3534@smkanba.com, TokenID: 69c6d4bdfc1422a0c8b0bfff","service":"identity-service","timestamp":"2026-03-27T19:04:34.411Z"}
{"level":"info","message":"[OTP_VERIFIED] RID: f0674b79-7268-4969-b117-37ad97b27e10 - New Reset Grant Token issued","service":"identity-service","timestamp":"2026-03-27T19:05:03.588Z"}
{"level":"info","message":"[PasswordResetSuccess] RID: fa8c91dc-3f50-4349-a66b-93d99c60611f - User: tetoxo3534@smkanba.com","service":"identity-service","timestamp":"2026-03-27T19:05:48.629Z"}
{"level":"info","message":"[LOGIN_ATTEMPT] RID: c7ab7cd7-16b4-4285-81c4-f8484619c910 - Email: tetoxo3534@smkanba.com","service":"identity-service","timestamp":"2026-03-27T19:06:10.244Z"}
{"level":"info","message":"[LOGIN_SUCCESS] RID: c7ab7cd7-16b4-4285-81c4-f8484619c910 - User: tetoxo3534@smkanba.com logged in directly","service":"identity-service","timestamp":"2026-03-27T19:06:11.077Z"}
{"level":"info","message":"[UserDetailsFetched] RID: c0b90766-f939-4ed3-b4aa-9eee125d2e54 - UserID: 69c6833d6a7053d56d8a4ea5","service":"identity-service","timestamp":"2026-03-27T19:06:18.043Z"}
{"level":"info","message":"[UserDetailsFetched] RID: 1e5c0692-bd98-440c-b061-9c6af0c2b4d7 - UserID: 69c6833d6a7053d56d8a4ea5","service":"identity-service","timestamp":"2026-03-27T19:06:18.245Z"}
{"level":"info","message":"[UserDetailsFetched] RID: df39d460-3b58-4b83-8cfb-46828582afda - UserID: 69c6833d6a7053d56d8a4ea5","service":"identity-service","timestamp":"2026-03-27T19:07:28.824Z"}
{"level":"info","message":"[UserDetailsFetched] RID: c2f885e3-45bd-4653-aff8-dff6c7acd72b - UserID: 69c6833d6a7053d56d8a4ea5","service":"identity-service","timestamp":"2026-03-27T19:07:28.973Z"}
{"level":"info","message":"[UserDetailsFetched] RID: af9851ad-5f0a-4944-b726-12316e8d0f94 - UserID: 69c6833d6a7053d56d8a4ea5","service":"identity-service","timestamp":"2026-03-27T19:08:33.413Z"}
{"level":"info","message":"[UserDetailsFetched] RID: 4a2d00a3-e337-4d05-9f77-ce5d8acaf66e - UserID: 69c6833d6a7053d56d8a4ea5","service":"identity-service","timestamp":"2026-03-27T19:08:33.584Z"}
{"level":"info","message":"[TokenRotated] RID: a83cf1d8-0abf-4cfc-891a-503a74052d72 - User: tetoxo3534@smkanba.com - NewSession: 69c77b08619c26d67f5e632a","service":"identity-service","timestamp":"2026-03-28T06:54:00.222Z"}
{"level":"info","message":"[UserDetailsFetched] RID: 208faa37-d856-47d7-b4db-409576cb997b - UserID: 69c6833d6a7053d56d8a4ea5","service":"identity-service","timestamp":"2026-03-28T06:54:00.629Z"}
{"level":"info","message":"[UserDetailsFetched] RID: 9bfa59eb-348d-448c-9382-ec15f98ee36f - UserID: 69c6833d6a7053d56d8a4ea5","service":"identity-service","timestamp":"2026-03-28T06:54:00.837Z"}
{"level":"info","message":"[LogoutService] RID: 4b5a36a8-76d1-41a1-a931-7f1f07cc15fa - Session 69c77b08619c26d67f5e632a revoked successfully.","service":"identity-service","timestamp":"2026-03-28T06:54:07.695Z"}
{"level":"info","message":"[LOGIN_ATTEMPT] RID: 6662a97e-9a27-4b24-9a8b-e40e7368ad60 - Email: tetoxo3534@smkanba.com","service":"identity-service","timestamp":"2026-03-28T06:54:49.984Z"}
{"level":"warn","message":"[LOGIN_FAILED] RID: 6662a97e-9a27-4b24-9a8b-e40e7368ad60 - Wrong password for: tetoxo3534@smkanba.com","service":"identity-service","timestamp":"2026-03-28T06:54:51.531Z"}
{"errorCode":"INVALID_CREDENTIALS","ip":"::1","level":"error","message":"Invalid credentials","method":"POST","path":"/api/v1/auth/login","requestId":"6662a97e-9a27-4b24-9a8b-e40e7368ad60","service":"identity-service","stack":"Error: Invalid credentials\n    at loginUserService (file:///C:/all-desktop-project/xynapse-mono-repo/apps/identity-service/src/services/user.service.js:182:11)\n    at process.processTicksAndRejections (node:internal/process/task_queues:95:5)\n    at async file:///C:/all-desktop-project/xynapse-mono-repo/apps/identity-service/src/controllers/user.js:272:18","statusCode":401,"timestamp":"2026-03-28T06:54:51.533Z"}
{"level":"info","message":"[LOGIN_ATTEMPT] RID: db8a8dfc-02e9-4467-a055-372755c271c7 - Email: tetoxo3534@smkanba.com","service":"identity-service","timestamp":"2026-03-28T06:55:03.218Z"}
{"level":"info","message":"[LOGIN_SUCCESS] RID: db8a8dfc-02e9-4467-a055-372755c271c7 - User: tetoxo3534@smkanba.com logged in directly","service":"identity-service","timestamp":"2026-03-28T06:55:04.022Z"}
{"level":"info","message":"[UserDetailsFetched] RID: d162601d-0a51-40f0-8eeb-465d851695ba - UserID: 69c6833d6a7053d56d8a4ea5","service":"identity-service","timestamp":"2026-03-28T06:55:10.583Z"}
{"level":"info","message":"[UserDetailsFetched] RID: 657f6b93-ce59-45d5-b12e-08e6f1c988f6 - UserID: 69c6833d6a7053d56d8a4ea5","service":"identity-service","timestamp":"2026-03-28T06:55:10.747Z"}
{"level":"info","message":"[LOGIN_ATTEMPT] RID: 824c5a67-da84-465b-80c6-3b7e44cf9b1a - Email: tetoxo3534@smkanba.com","service":"identity-service","timestamp":"2026-03-28T07:15:26.065Z"}
{"level":"info","message":"[LOGIN_SUCCESS] RID: 824c5a67-da84-465b-80c6-3b7e44cf9b1a - User: tetoxo3534@smkanba.com logged in directly","service":"identity-service","timestamp":"2026-03-28T07:15:27.093Z"}
{"level":"info","message":"[LogoutService] RID: 0cf67ee2-eab0-411c-b97d-b999d794a983 - Session 69c7800e619c26d67f5e6358 revoked successfully.","service":"identity-service","timestamp":"2026-03-28T07:19:05.654Z"}
{"level":"info","message":"[LOGIN_ATTEMPT] RID: 5fade7c2-daae-47c9-9983-38ce3b7197d5 - Email: tetoxo3534@smkanba.com","service":"identity-service","timestamp":"2026-03-28T07:19:10.248Z"}
{"level":"info","message":"[LOGIN_SUCCESS] RID: 5fade7c2-daae-47c9-9983-38ce3b7197d5 - User: tetoxo3534@smkanba.com logged in directly","service":"identity-service","timestamp":"2026-03-28T07:19:11.005Z"}
{"level":"info","message":"[LOGIN_ATTEMPT] RID: b6359b48-c2ee-4e91-8794-48e9257bb730 - Email: tetoxo3534@smkanba.com","service":"identity-service","timestamp":"2026-03-28T07:34:47.096Z"}
{"level":"info","message":"[LOGIN_SUCCESS] RID: b6359b48-c2ee-4e91-8794-48e9257bb730 - User: tetoxo3534@smkanba.com logged in directly","service":"identity-service","timestamp":"2026-03-28T07:34:48.005Z"}
{"level":"info","message":"[LOGIN_ATTEMPT] RID: a930002a-f997-4f4a-a3d6-195fac860b65 - Email: tetoxo3534@smkanba.com","service":"identity-service","timestamp":"2026-03-28T07:53:03.657Z"}
{"level":"info","message":"[LOGIN_SUCCESS] RID: a930002a-f997-4f4a-a3d6-195fac860b65 - User: tetoxo3534@smkanba.com logged in directly","service":"identity-service","timestamp":"2026-03-28T07:53:04.712Z"}
{"level":"info","message":"[LOGIN_ATTEMPT] RID: 55d6b0e2-fae6-49a1-b012-5463f6a49f75 - Email: tetoxo3534@smkanba.com","service":"identity-service","timestamp":"2026-03-28T08:04:47.614Z"}
{"level":"info","message":"[LOGIN_SUCCESS] RID: 55d6b0e2-fae6-49a1-b012-5463f6a49f75 - User: tetoxo3534@smkanba.com logged in directly","service":"identity-service","timestamp":"2026-03-28T08:04:48.612Z"}
{"level":"info","message":"[LOGIN_ATTEMPT] RID: 21052ed9-e48a-4ac7-8354-2f44f71d3a9f - Email: tetoxo3534@smkanba.com","service":"identity-service","timestamp":"2026-03-28T08:14:28.756Z"}
{"level":"info","message":"[LOGIN_SUCCESS] RID: 21052ed9-e48a-4ac7-8354-2f44f71d3a9f - User: tetoxo3534@smkanba.com logged in directly","service":"identity-service","timestamp":"2026-03-28T08:14:29.835Z"}
{"level":"info","message":"[LOGIN_ATTEMPT] RID: 62e854aa-223a-484f-832d-6404560c8b11 - Email: tetoxo3534@smkanba.com","service":"identity-service","timestamp":"2026-03-28T08:30:31.429Z"}
{"level":"info","message":"[LOGIN_SUCCESS] RID: 62e854aa-223a-484f-832d-6404560c8b11 - User: tetoxo3534@smkanba.com logged in directly","service":"identity-service","timestamp":"2026-03-28T08:30:32.705Z"}
{"level":"info","message":"[LOGIN_ATTEMPT] RID: 452d5750-7b2e-49c5-82b8-123ddf0289a8 - Email: tetoxo3534@smkanba.com","service":"identity-service","timestamp":"2026-03-28T08:35:11.657Z"}
{"level":"info","message":"[LOGIN_SUCCESS] RID: 452d5750-7b2e-49c5-82b8-123ddf0289a8 - User: tetoxo3534@smkanba.com logged in directly","service":"identity-service","timestamp":"2026-03-28T08:35:12.644Z"}
{"level":"info","message":"[TokenRotated] RID: b4d7cf83-f9e7-4c80-aa89-2bba9b58c3db - User: tetoxo3534@smkanba.com - NewSession: 69c79932619c26d67f5e63ab","service":"identity-service","timestamp":"2026-03-28T09:02:42.814Z"}
{"level":"info","message":"[TokenRotated] RID: 69ac96d6-7afc-4e08-8895-a3d8c35287af - User: tetoxo3534@smkanba.com - NewSession: 69c7b489619c26d67f5e63b3","service":"identity-service","timestamp":"2026-03-28T10:59:22.361Z"}
{"level":"info","message":"[TokenRotated] RID: 976d459f-c548-44c9-a995-b847fe701bc3 - User: tetoxo3534@smkanba.com - NewSession: 69c7b814619c26d67f5e63bb","service":"identity-service","timestamp":"2026-03-28T11:14:28.369Z"}
{"level":"info","message":"[TokenRotated] RID: ed8baaad-7b9c-4008-ad5b-ff64798643ce - User: tetoxo3534@smkanba.com - NewSession: 69c7bea0619c26d67f5e63c3","service":"identity-service","timestamp":"2026-03-28T11:42:24.158Z"}
{"level":"info","message":"[UserDetailsFetched] RID: 17985d3b-c902-4991-b2c0-2dc93912db80 - UserID: 69c6833d6a7053d56d8a4ea5","service":"identity-service","timestamp":"2026-03-28T11:46:02.371Z"}
{"level":"info","message":"[UserDetailsFetched] RID: 013e7c75-5cf5-4fa7-86d5-7cf7168d0288 - UserID: 69c6833d6a7053d56d8a4ea5","service":"identity-service","timestamp":"2026-03-28T11:46:02.782Z"}
{"level":"info","message":"[TokenRotated] RID: 861463f3-0a0b-43c4-97f7-647cbcde7ab3 - User: tetoxo3534@smkanba.com - NewSession: 69c7c57f619c26d67f5e63d5","service":"identity-service","timestamp":"2026-03-28T12:11:43.707Z"}
{"level":"info","message":"[LOGIN_ATTEMPT] RID: 79e4a0ed-a9cb-4da7-9325-6579258c1c76 - Email: tetoxo3534@smkanba.com","service":"identity-service","timestamp":"2026-03-28T12:35:11.849Z"}
{"level":"info","message":"[LOGIN_SUCCESS] RID: 79e4a0ed-a9cb-4da7-9325-6579258c1c76 - User: tetoxo3534@smkanba.com logged in directly","service":"identity-service","timestamp":"2026-03-28T12:35:13.043Z"}
{"level":"info","message":"[LOGIN_ATTEMPT] RID: 38b11a79-c3f1-4fdf-95ae-d90c78999232 - Email: tetoxo3534@smkanba.com","service":"identity-service","timestamp":"2026-03-28T12:46:39.240Z"}
{"level":"info","message":"[LOGIN_SUCCESS] RID: 38b11a79-c3f1-4fdf-95ae-d90c78999232 - User: tetoxo3534@smkanba.com logged in directly","service":"identity-service","timestamp":"2026-03-28T12:46:40.250Z"}
{"level":"info","message":"[LOGIN_ATTEMPT] RID: 5e063e5d-dd75-430a-9fef-f9d16722ee39 - Email: tetoxo3534@smkanba.com","service":"identity-service","timestamp":"2026-03-28T13:01:55.539Z"}
{"level":"info","message":"[LOGIN_SUCCESS] RID: 5e063e5d-dd75-430a-9fef-f9d16722ee39 - User: tetoxo3534@smkanba.com logged in directly","service":"identity-service","timestamp":"2026-03-28T13:01:57.122Z"}
{"level":"info","message":"[LOGIN_ATTEMPT] RID: 31617f18-ead4-459e-8ec4-e0b310fc49d5 - Email: tetoxo3534@smkanba.com","service":"identity-service","timestamp":"2026-03-28T13:17:26.826Z"}
{"level":"info","message":"[LOGIN_SUCCESS] RID: 31617f18-ead4-459e-8ec4-e0b310fc49d5 - User: tetoxo3534@smkanba.com logged in directly","service":"identity-service","timestamp":"2026-03-28T13:17:27.699Z"}
{"level":"info","message":"[LOGIN_ATTEMPT] RID: 411f4481-6d3f-4cbf-bbee-f7ffb45b6a30 - Email: tetoxo3534@smkanba.com","service":"identity-service","timestamp":"2026-03-28T14:01:06.820Z"}
{"level":"info","message":"[LOGIN_SUCCESS] RID: 411f4481-6d3f-4cbf-bbee-f7ffb45b6a30 - User: tetoxo3534@smkanba.com logged in directly","service":"identity-service","timestamp":"2026-03-28T14:01:08.168Z"}
{"level":"info","message":"[TokenRotated] RID: 6ed1fceb-9b21-4d91-9094-d009346aebc0 - User: tetoxo3534@smkanba.com - NewSession: 69c7e55c619c26d67f5e640f","service":"identity-service","timestamp":"2026-03-28T14:27:40.576Z"}
{"level":"info","message":"[TokenRotated] RID: 7ec827fe-38f7-47dd-be23-e993587d03fc - User: tetoxo3534@smkanba.com - NewSession: 69c7ec05619c26d67f5e6417","service":"identity-service","timestamp":"2026-03-28T14:56:05.246Z"}
{"level":"info","message":"[TokenRotated] RID: 22be8e0b-d7fa-4d1f-a903-1caecbae9fff - User: tetoxo3534@smkanba.com - NewSession: 69c7f0a0619c26d67f5e641f","service":"identity-service","timestamp":"2026-03-28T15:15:45.097Z"}
{"level":"info","message":"[TokenRotated] RID: 08d53d05-8656-4d16-8925-b846f421bebf - User: tetoxo3534@smkanba.com - NewSession: 69c7f6dd619c26d67f5e6427","service":"identity-service","timestamp":"2026-03-28T15:42:21.988Z"}
{"level":"info","message":"[d17caa92-71b9-4eb8-a1cc-0932ce32c4e1] Internal Service: Fetching user batch for 1 IDs","service":"identity-service","timestamp":"2026-03-28T15:56:24.181Z"}
{"level":"info","message":"[d17caa92-71b9-4eb8-a1cc-0932ce32c4e1] Internal Service: Successfully found 1 users","service":"identity-service","timestamp":"2026-03-28T15:56:24.381Z"}
{"level":"info","message":"[91d48964-8be1-48e8-90e2-58835a8544f7] Internal Service: Fetching user batch for 1 IDs","service":"identity-service","timestamp":"2026-03-28T15:56:54.896Z"}
{"level":"info","message":"[91d48964-8be1-48e8-90e2-58835a8544f7] Internal Service: Successfully found 1 users","service":"identity-service","timestamp":"2026-03-28T15:56:54.995Z"}
{"level":"info","message":"[TokenRotated] RID: ff52c9c4-e56e-44aa-85e5-aff327045b59 - User: tetoxo3534@smkanba.com - NewSession: 69c7fa61619c26d67f5e6431","service":"identity-service","timestamp":"2026-03-28T15:57:21.507Z"}
{"level":"info","message":"[1a113754-b7c6-4e7c-b37a-50632d78d327] Internal Service: Fetching user batch for 1 IDs","service":"identity-service","timestamp":"2026-03-28T15:58:01.672Z"}
{"level":"info","message":"[1a113754-b7c6-4e7c-b37a-50632d78d327] Internal Service: Successfully found 1 users","service":"identity-service","timestamp":"2026-03-28T15:58:01.769Z"}
{"level":"info","message":"[aae01f97-2006-4ac1-b60b-0fa8a7d6bc9f] Internal Service: Fetching user batch for 1 IDs","service":"identity-service","timestamp":"2026-03-28T16:00:12.696Z"}
{"level":"info","message":"[aae01f97-2006-4ac1-b60b-0fa8a7d6bc9f] Internal Service: Successfully found 1 users","service":"identity-service","timestamp":"2026-03-28T16:00:12.840Z"}
{"level":"info","message":"[13b8b011-2ece-4b0b-bdf9-d53448cc2ee0] Internal Service: Fetching user batch for 1 IDs","service":"identity-service","timestamp":"2026-03-28T16:00:24.720Z"}
{"level":"info","message":"[13b8b011-2ece-4b0b-bdf9-d53448cc2ee0] Internal Service: Successfully found 1 users","service":"identity-service","timestamp":"2026-03-28T16:00:24.785Z"}
{"level":"info","message":"[0fdd6d70-697c-4d88-8d0f-bd55716b308f] Internal Service: Fetching user batch for 1 IDs","service":"identity-service","timestamp":"2026-03-28T16:00:37.725Z"}
{"level":"info","message":"[0fdd6d70-697c-4d88-8d0f-bd55716b308f] Internal Service: Successfully found 1 users","service":"identity-service","timestamp":"2026-03-28T16:00:37.833Z"}
{"level":"info","message":"[3e563b0c-9614-4d91-b8a1-f425d681e15b] Internal Service: Fetching user batch for 1 IDs","service":"identity-service","timestamp":"2026-03-28T16:00:51.693Z"}
{"level":"info","message":"[3e563b0c-9614-4d91-b8a1-f425d681e15b] Internal Service: Successfully found 1 users","service":"identity-service","timestamp":"2026-03-28T16:00:51.754Z"}
{"level":"info","message":"[b3966aef-6d9a-4a16-81a2-579f914ca2b2] Internal Service: Fetching user batch for 1 IDs","service":"identity-service","timestamp":"2026-03-28T16:00:52.781Z"}
{"level":"info","message":"[b3966aef-6d9a-4a16-81a2-579f914ca2b2] Internal Service: Successfully found 1 users","service":"identity-service","timestamp":"2026-03-28T16:00:52.879Z"}
{"level":"info","message":"[be49e537-bca3-48aa-9237-16ea36f2e04f] Internal Service: Fetching user batch for 1 IDs","service":"identity-service","timestamp":"2026-03-28T16:01:14.689Z"}
{"level":"info","message":"[be49e537-bca3-48aa-9237-16ea36f2e04f] Internal Service: Successfully found 1 users","service":"identity-service","timestamp":"2026-03-28T16:01:14.750Z"}
{"level":"info","message":"[46b4b247-9895-443a-8305-2d59a4a8d560] Internal Service: Fetching user batch for 1 IDs","service":"identity-service","timestamp":"2026-03-28T16:01:42.798Z"}
{"level":"info","message":"[46b4b247-9895-443a-8305-2d59a4a8d560] Internal Service: Successfully found 1 users","service":"identity-service","timestamp":"2026-03-28T16:01:42.944Z"}
{"level":"info","message":"[34dc3bba-9cf8-4b1a-ae02-583f1d651fd3] Internal Service: Fetching user batch for 1 IDs","service":"identity-service","timestamp":"2026-03-28T16:01:43.050Z"}
{"level":"info","message":"[34dc3bba-9cf8-4b1a-ae02-583f1d651fd3] Internal Service: Successfully found 1 users","service":"identity-service","timestamp":"2026-03-28T16:01:43.114Z"}
{"level":"info","message":"[7234191f-18fa-4403-9f21-64af24c8b273] Internal Service: Fetching user batch for 1 IDs","service":"identity-service","timestamp":"2026-03-28T16:01:45.814Z"}
{"level":"info","message":"[7234191f-18fa-4403-9f21-64af24c8b273] Internal Service: Successfully found 1 users","service":"identity-service","timestamp":"2026-03-28T16:01:46.015Z"}
{"level":"info","message":"[0a25a62a-f8a1-4a85-941e-31182e166959] Internal Service: Fetching user batch for 1 IDs","service":"identity-service","timestamp":"2026-03-28T16:02:15.701Z"}
{"level":"info","message":"[0a25a62a-f8a1-4a85-941e-31182e166959] Internal Service: Successfully found 1 users","service":"identity-service","timestamp":"2026-03-28T16:02:15.766Z"}
{"level":"info","message":"[1a168099-7418-4556-a78e-2078784000fe] Internal Service: Fetching user batch for 1 IDs","service":"identity-service","timestamp":"2026-03-28T16:02:35.714Z"}
{"level":"info","message":"[1a168099-7418-4556-a78e-2078784000fe] Internal Service: Successfully found 1 users","service":"identity-service","timestamp":"2026-03-28T16:02:35.785Z"}
{"level":"info","message":"[2f904712-2e87-426f-b875-3469c2f66c83] Internal Service: Fetching user batch for 1 IDs","service":"identity-service","timestamp":"2026-03-28T16:02:38.765Z"}
{"level":"info","message":"[2f904712-2e87-426f-b875-3469c2f66c83] Internal Service: Successfully found 1 users","service":"identity-service","timestamp":"2026-03-28T16:02:38.867Z"}
{"level":"info","message":"[30a01873-8db2-4ddd-8978-630a4c28f194] Internal Service: Fetching user batch for 1 IDs","service":"identity-service","timestamp":"2026-03-28T16:02:45.733Z"}
{"level":"info","message":"[30a01873-8db2-4ddd-8978-630a4c28f194] Internal Service: Successfully found 1 users","service":"identity-service","timestamp":"2026-03-28T16:02:45.797Z"}
{"level":"info","message":"[a1184693-7cbe-49d7-8900-18c69c4b0400] Internal Service: Fetching user batch for 1 IDs","service":"identity-service","timestamp":"2026-03-28T16:02:57.610Z"}
{"level":"info","message":"[a1184693-7cbe-49d7-8900-18c69c4b0400] Internal Service: Successfully found 1 users","service":"identity-service","timestamp":"2026-03-28T16:02:57.677Z"}
{"level":"info","message":"[bbb0073b-4e6c-42f3-8143-bc8364b9afa9] Internal Service: Fetching user batch for 1 IDs","service":"identity-service","timestamp":"2026-03-28T16:06:33.263Z"}
{"level":"info","message":"[bbb0073b-4e6c-42f3-8143-bc8364b9afa9] Internal Service: Successfully found 1 users","service":"identity-service","timestamp":"2026-03-28T16:06:33.362Z"}
{"level":"info","message":"[LOGIN_ATTEMPT] RID: 11a990e0-d7ab-4c96-9803-a177516262a4 - Email: tetoxo3534@smkanba.com","service":"identity-service","timestamp":"2026-03-28T16:17:18.691Z"}
{"level":"info","message":"[LOGIN_SUCCESS] RID: 11a990e0-d7ab-4c96-9803-a177516262a4 - User: tetoxo3534@smkanba.com logged in directly","service":"identity-service","timestamp":"2026-03-28T16:17:19.319Z"}
{"level":"info","message":"[LOGIN_ATTEMPT] RID: f80dd8c2-2053-4e9b-b84b-bedc368631f8 - Email: tetoxo3534@smkanba.com","service":"identity-service","timestamp":"2026-03-28T16:21:52.006Z"}
{"level":"info","message":"[LOGIN_SUCCESS] RID: f80dd8c2-2053-4e9b-b84b-bedc368631f8 - User: tetoxo3534@smkanba.com logged in directly","service":"identity-service","timestamp":"2026-03-28T16:21:52.814Z"}
{"level":"info","message":"[TokenRotated] RID: 232041b8-cbd7-4c1b-aca7-2228a2bc201e - User: tetoxo3534@smkanba.com - NewSession: 69c8055a619c26d67f5e645d","service":"identity-service","timestamp":"2026-03-28T16:44:10.573Z"}
{"level":"info","message":"[TokenRotated] RID: a6749ea3-44c3-4380-9fd3-6be580207b77 - User: tetoxo3534@smkanba.com - NewSession: 69c809e5619c26d67f5e6465","service":"identity-service","timestamp":"2026-03-28T17:03:33.224Z"}
