{"level":"info","message":"::1 GET /api/v1/category/public/all?page=1&limit=100 401 1306 - 5.081 ms","service":"category-service","timestamp":"2026-06-10T05:39:39.790Z"}
{"level":"info","message":"::1 GET /api/v1/category/public/all?page=1&limit=100 401 1306 - 0.332 ms","service":"category-service","timestamp":"2026-06-10T05:39:39.795Z"}
{"level":"info","message":"::1 GET /api/v1/category/public/all?page=1&limit=100 401 1306 - 0.533 ms","service":"category-service","timestamp":"2026-06-10T05:39:39.798Z"}
{"level":"info","message":"::1 GET /api/v1/category/public/all?page=1&limit=100 401 1306 - 0.526 ms","service":"category-service","timestamp":"2026-06-10T05:39:39.800Z"}
{"level":"info","message":"::1 GET /api/v1/course/public/all?page=1&limit=8 401 1306 - 0.449 ms","service":"course-service","timestamp":"2026-06-10T05:39:39.803Z"}
{"level":"info","message":"::1 GET /api/v1/course/public/all?page=1&limit=8 401 1306 - 0.402 ms","service":"course-service","timestamp":"2026-06-10T05:39:39.832Z"}
{"level":"info","message":"::1 POST /api/v1/auth/refresh-token 500 189 - 43.865 ms","service":"auth-service","timestamp":"2026-06-10T05:39:39.849Z"}
{"level":"info","message":"::1 GET /api/v1/category/public/all?page=1&limit=100 401 1306 - 0.467 ms","service":"category-service","timestamp":"2026-06-10T05:39:40.027Z"}
{"level":"info","message":"::1 GET /api/v1/category/public/all?page=1&limit=100 401 1306 - 0.711 ms","service":"category-service","timestamp":"2026-06-10T05:39:40.071Z"}
{"level":"info","message":"::1 POST /api/v1/auth/refresh-token 500 189 - 10.516 ms","service":"auth-service","timestamp":"2026-06-10T05:39:40.078Z"}
{"level":"info","message":"::1 GET /api/v1/category/public/all?page=1&limit=100 401 1306 - 0.555 ms","service":"category-service","timestamp":"2026-06-10T05:39:52.460Z"}
{"level":"info","message":"::1 GET /api/v1/category/public/all?page=1&limit=100 401 1306 - 0.575 ms","service":"category-service","timestamp":"2026-06-10T05:39:52.471Z"}
{"level":"info","message":"::1 POST /api/v1/auth/refresh-token 500 189 - 6.720 ms","service":"auth-service","timestamp":"2026-06-10T05:39:52.491Z"}
{"level":"info","message":"::1 GET /api/v1/category/public/all?page=1&limit=100 401 1306 - 0.451 ms","service":"category-service","timestamp":"2026-06-10T05:44:26.341Z"}
{"level":"info","message":"::1 GET /api/v1/category/public/all?page=1&limit=100 401 1306 - 0.388 ms","service":"category-service","timestamp":"2026-06-10T05:44:26.355Z"}
{"level":"info","message":"::1 POST /api/v1/auth/refresh-token 504 - - 3.559 ms","service":"auth-service","timestamp":"2026-06-10T05:44:26.372Z"}
{"level":"info","message":"::1 GET /api/v1/category/public/all?page=1&limit=100 401 1306 - 0.404 ms","service":"category-service","timestamp":"2026-06-10T05:44:28.355Z"}
{"level":"info","message":"::1 GET /api/v1/category/public/all?page=1&limit=100 401 1306 - 0.374 ms","service":"category-service","timestamp":"2026-06-10T05:44:28.369Z"}
{"level":"info","message":"::1 POST /api/v1/auth/refresh-token 504 - - 2.207 ms","service":"auth-service","timestamp":"2026-06-10T05:44:28.382Z"}
{"level":"info","message":"::1 GET /api/v1/category/public/all?page=1&limit=100 401 1306 - 0.438 ms","service":"category-service","timestamp":"2026-06-10T07:41:21.593Z"}
{"level":"info","message":"::1 GET /api/v1/category/public/all?page=1&limit=100 401 1306 - 0.434 ms","service":"category-service","timestamp":"2026-06-10T07:41:21.613Z"}
{"level":"info","message":"::1 POST /api/v1/auth/refresh-token 401 186 - 27.504 ms","service":"auth-service","timestamp":"2026-06-10T07:41:21.709Z"}
{"level":"info","message":"::1 GET /api/v1/category/public/all?page=1&limit=100 401 1306 - 0.381 ms","service":"category-service","timestamp":"2026-06-10T07:41:37.383Z"}
{"level":"info","message":"::1 GET /api/v1/category/public/all?page=1&limit=100 401 1306 - 0.407 ms","service":"category-service","timestamp":"2026-06-10T07:41:37.394Z"}
{"level":"info","message":"::1 POST /api/v1/auth/refresh-token 401 186 - 6.636 ms","service":"auth-service","timestamp":"2026-06-10T07:41:37.414Z"}
{"level":"info","message":"::1 GET /api/v1/category/public/all?page=1&limit=100 401 1306 - 0.377 ms","service":"category-service","timestamp":"2026-06-10T08:02:52.070Z"}
{"level":"info","message":"::1 GET /api/v1/category/public/all?page=1&limit=100 401 1306 - 0.260 ms","service":"category-service","timestamp":"2026-06-10T08:02:52.072Z"}
{"level":"info","message":"::1 GET /api/v1/course/public/all?page=1&limit=8 401 1306 - 0.235 ms","service":"course-service","timestamp":"2026-06-10T08:02:52.074Z"}
{"level":"info","message":"::1 GET /api/v1/category/public/all?page=1&limit=100 401 1306 - 0.258 ms","service":"category-service","timestamp":"2026-06-10T08:02:52.086Z"}
{"level":"info","message":"::1 GET /api/v1/category/public/all?page=1&limit=100 401 1306 - 0.266 ms","service":"category-service","timestamp":"2026-06-10T08:02:52.088Z"}
{"level":"info","message":"::1 GET /api/v1/course/public/all?page=1&limit=8 401 1306 - 0.194 ms","service":"course-service","timestamp":"2026-06-10T08:02:52.089Z"}
{"level":"info","message":"::1 POST /api/v1/auth/refresh-token 504 - - 1.626 ms","service":"auth-service","timestamp":"2026-06-10T08:02:52.101Z"}
{"level":"info","message":"::1 OPTIONS /api/v1/auth/login 204 0 - 0.408 ms","service":"auth-service","timestamp":"2026-06-10T08:04:50.586Z"}
{"level":"info","message":"::1 POST /api/v1/auth/login 504 - - 1.187 ms","service":"auth-service","timestamp":"2026-06-10T08:04:50.589Z"}
{"level":"info","message":"::1 OPTIONS /api/v1/auth/login 204 0 - 0.159 ms","service":"auth-service","timestamp":"2026-06-10T08:04:59.330Z"}
{"level":"info","message":"::1 POST /api/v1/auth/login 504 - - 2.288 ms","service":"auth-service","timestamp":"2026-06-10T08:04:59.334Z"}
{"level":"info","message":"::1 OPTIONS /api/v1/auth/login 204 0 - 0.151 ms","service":"auth-service","timestamp":"2026-06-10T08:06:23.211Z"}
{"level":"info","message":"::1 POST /api/v1/auth/login 200 378 - 1133.201 ms","service":"auth-service","timestamp":"2026-06-10T08:06:24.346Z"}
{"level":"info","message":"::1 GET /api/v1/category/public/all?page=1&limit=100 504 - - 9.481 ms","service":"category-service","timestamp":"2026-06-10T08:06:31.487Z"}
{"level":"info","message":"::1 GET /api/v1/category/public/all?page=1&limit=100 504 - - 2.209 ms","service":"category-service","timestamp":"2026-06-10T08:06:31.491Z"}
{"level":"info","message":"::1 GET /api/v1/category/public/all?page=1&limit=100 200 2892 - 656.380 ms","service":"category-service","timestamp":"2026-06-10T08:07:07.272Z"}
{"level":"info","message":"::1 GET /api/v1/category/public/all?page=1&limit=100 200 2892 - 173.293 ms","service":"category-service","timestamp":"2026-06-10T08:07:07.447Z"}
{"level":"info","message":"::1 GET /api/v1/auth/me 200 853 - 701.918 ms","service":"auth-service","timestamp":"2026-06-10T08:07:24.516Z"}
{"level":"info","message":"::1 GET /api/v1/auth/me 200 853 - 82.131 ms","service":"auth-service","timestamp":"2026-06-10T08:07:24.599Z"}
{"level":"info","message":"::1 GET /api/v1/category/public/all?page=1&limit=100 200 2892 - 97.373 ms","service":"category-service","timestamp":"2026-06-10T08:07:34.096Z"}
{"level":"info","message":"::1 GET /api/v1/category/public/all?page=1&limit=100 200 2892 - 52.971 ms","service":"category-service","timestamp":"2026-06-10T08:07:34.150Z"}
{"level":"info","message":"::1 GET /api/v1/course/public/all?page=1&limit=8 200 5906 - 154.839 ms","service":"course-service","timestamp":"2026-06-10T08:07:34.155Z"}
{"level":"info","message":"::1 GET /api/v1/category/public/all?page=1&limit=100 200 2892 - 46.864 ms","service":"category-service","timestamp":"2026-06-10T08:07:34.199Z"}
{"level":"info","message":"::1 GET /api/v1/course/public/all?page=1&limit=8 200 5906 - 109.578 ms","service":"course-service","timestamp":"2026-06-10T08:07:34.268Z"}
{"level":"info","message":"::1 GET /api/v1/category/public/all?page=1&limit=100 200 2892 - 69.012 ms","service":"category-service","timestamp":"2026-06-10T08:07:34.271Z"}
{"level":"info","message":"::1 GET /api/v1/course/public/all?page=1&limit=12&categoryId=69f2ff7eb036a41360b0595f 200 254 - 38.098 ms","service":"course-service","timestamp":"2026-06-10T08:07:54.674Z"}
{"level":"info","message":"::1 GET /api/v1/category/public/all?page=1&limit=100 200 2892 - 45.564 ms","service":"category-service","timestamp":"2026-06-10T08:07:54.679Z"}
{"level":"info","message":"::1 GET /api/v1/course/public/all?page=1&limit=12&categoryId=69f2ff7eb036a41360b0595f 200 254 - 75.434 ms","service":"course-service","timestamp":"2026-06-10T08:07:54.752Z"}
{"level":"info","message":"::1 GET /api/v1/category/public/all?page=1&limit=100 200 2892 - 73.885 ms","service":"category-service","timestamp":"2026-06-10T08:07:54.754Z"}
{"level":"info","message":"::1 GET /api/v1/course/public/all?page=1&limit=12&categoryId=69c784fdac0488fe6c376bcc 200 3269 - 113.171 ms","service":"course-service","timestamp":"2026-06-10T08:07:58.648Z"}
{"level":"info","message":"::1 GET /api/v1/courseIntro/69c793c6ac0488fe6c376c0d 200 1894 - 58.642 ms","service":"courseIntro-service","timestamp":"2026-06-10T08:08:01.950Z"}
{"level":"info","message":"::1 GET /api/v1/chapter/course/69c793c6ac0488fe6c376c0d 200 4985 - 57.104 ms","service":"chapter-service","timestamp":"2026-06-10T08:08:01.953Z"}
{"level":"info","message":"::1 GET /api/v1/chapter/course/69c793c6ac0488fe6c376c0d 200 4985 - 69.476 ms","service":"chapter-service","timestamp":"2026-06-10T08:08:02.027Z"}
{"level":"info","message":"::1 GET /api/v1/courseIntro/69c793c6ac0488fe6c376c0d 200 1894 - 73.251 ms","service":"courseIntro-service","timestamp":"2026-06-10T08:08:02.029Z"}
{"level":"info","message":"::1 GET /api/v1/review/69c793c6ac0488fe6c376c0d?page=1&limit=20&sort=newest 200 661 - 145.063 ms","service":"review-service","timestamp":"2026-06-10T08:08:02.035Z"}
{"level":"info","message":"::1 GET /api/v1/review/69c793c6ac0488fe6c376c0d?page=1&limit=20&sort=newest 200 661 - 161.157 ms","service":"review-service","timestamp":"2026-06-10T08:08:02.199Z"}
{"level":"info","message":"::1 GET /api/v1/content/chapter/69c7df79f16cf0e2c5ae1ce3?page=1&limit=10 200 210 - 38.724 ms","service":"content-service","timestamp":"2026-06-10T08:08:18.546Z"}
{"level":"info","message":"::1 GET /api/v1/content/chapter/69c7df79f16cf0e2c5ae1ce4?page=1&limit=10 200 210 - 76.714 ms","service":"content-service","timestamp":"2026-06-10T08:08:21.808Z"}
{"level":"info","message":"::1 GET /api/v1/content/chapter/69c7df79f16cf0e2c5ae1ce5?page=1&limit=10 200 210 - 99.652 ms","service":"content-service","timestamp":"2026-06-10T08:08:23.829Z"}
{"level":"info","message":"::1 GET /api/v1/content/chapter/69c7df79f16cf0e2c5ae1ce6?page=1&limit=10 200 210 - 60.446 ms","service":"content-service","timestamp":"2026-06-10T08:08:25.472Z"}
{"level":"info","message":"::1 GET /api/v1/category/public/all?page=1&limit=100 200 2892 - 73.929 ms","service":"category-service","timestamp":"2026-06-10T08:08:29.155Z"}
{"level":"info","message":"::1 GET /api/v1/course/public/all?page=1&limit=12&categoryId=69c784fdac0488fe6c376bcc 200 3269 - 121.099 ms","service":"course-service","timestamp":"2026-06-10T08:08:29.204Z"}
{"level":"info","message":"::1 GET /api/v1/category/public/all?page=1&limit=100 200 2892 - 54.964 ms","service":"category-service","timestamp":"2026-06-10T08:08:29.213Z"}
{"level":"info","message":"::1 GET /api/v1/course/public/all?page=1&limit=12&categoryId=69c784fdac0488fe6c376bcc 200 3269 - 153.510 ms","service":"course-service","timestamp":"2026-06-10T08:08:29.360Z"}
{"level":"info","message":"::1 GET /api/v1/courseIntro/69c79314ac0488fe6c376c05 200 1875 - 78.490 ms","service":"courseIntro-service","timestamp":"2026-06-10T08:08:31.789Z"}
{"level":"info","message":"::1 GET /api/v1/chapter/course/69c79314ac0488fe6c376c05 200 5284 - 106.323 ms","service":"chapter-service","timestamp":"2026-06-10T08:08:31.819Z"}
{"level":"info","message":"::1 GET /api/v1/courseIntro/69c79314ac0488fe6c376c05 200 1875 - 56.596 ms","service":"courseIntro-service","timestamp":"2026-06-10T08:08:31.847Z"}
{"level":"info","message":"::1 GET /api/v1/review/69c79314ac0488fe6c376c05?page=1&limit=20&sort=newest 200 660 - 140.361 ms","service":"review-service","timestamp":"2026-06-10T08:08:31.848Z"}
{"level":"info","message":"::1 GET /api/v1/chapter/course/69c79314ac0488fe6c376c05 200 5284 - 128.365 ms","service":"chapter-service","timestamp":"2026-06-10T08:08:31.949Z"}
{"level":"info","message":"::1 GET /api/v1/review/69c79314ac0488fe6c376c05?page=1&limit=20&sort=newest 200 660 - 172.404 ms","service":"review-service","timestamp":"2026-06-10T08:08:32.022Z"}
{"level":"info","message":"::1 GET /api/v1/content/chapter/69c7e03a838d47af1a10cbcc?page=1&limit=10 200 3526 - 44.542 ms","service":"content-service","timestamp":"2026-06-10T08:08:33.485Z"}
{"level":"info","message":"::1 GET /api/v1/category/public/all?page=1&limit=100 401 1306 - 3.278 ms","service":"category-service","timestamp":"2026-06-10T12:51:18.235Z"}
{"level":"info","message":"::1 GET /api/v1/category/public/all?page=1&limit=100 401 1306 - 0.496 ms","service":"category-service","timestamp":"2026-06-10T12:51:18.238Z"}
{"level":"info","message":"::1 GET /api/v1/review/69c79314ac0488fe6c376c05?page=1&limit=20&sort=newest 401 1306 - 0.531 ms","service":"review-service","timestamp":"2026-06-10T12:51:18.241Z"}
{"level":"info","message":"::1 GET /api/v1/courseIntro/69c79314ac0488fe6c376c05 401 1306 - 0.547 ms","service":"courseIntro-service","timestamp":"2026-06-10T12:51:18.242Z"}
{"level":"info","message":"::1 GET /api/v1/chapter/course/69c79314ac0488fe6c376c05 401 1306 - 0.573 ms","service":"chapter-service","timestamp":"2026-06-10T12:51:18.245Z"}
{"level":"info","message":"::1 GET /api/v1/review/69c79314ac0488fe6c376c05?page=1&limit=20&sort=newest 401 1306 - 0.696 ms","service":"review-service","timestamp":"2026-06-10T12:51:18.250Z"}
{"level":"info","message":"::1 GET /api/v1/courseIntro/69c79314ac0488fe6c376c05 401 1306 - 0.435 ms","service":"courseIntro-service","timestamp":"2026-06-10T12:51:18.251Z"}
{"level":"info","message":"::1 GET /api/v1/chapter/course/69c79314ac0488fe6c376c05 401 1306 - 0.580 ms","service":"chapter-service","timestamp":"2026-06-10T12:51:18.253Z"}
{"level":"info","message":"::1 POST /api/v1/auth/refresh-token 200 168 - 1035.678 ms","service":"auth-service","timestamp":"2026-06-10T12:51:19.282Z"}
{"level":"info","message":"::1 GET /api/v1/category/public/all?page=1&limit=100 200 2892 - 86.035 ms","service":"category-service","timestamp":"2026-06-10T12:51:19.372Z"}
{"level":"info","message":"::1 GET /api/v1/courseIntro/69c79314ac0488fe6c376c05 200 1875 - 94.529 ms","service":"courseIntro-service","timestamp":"2026-06-10T12:51:19.386Z"}
{"level":"info","message":"::1 GET /api/v1/chapter/course/69c79314ac0488fe6c376c05 200 5284 - 389.629 ms","service":"chapter-service","timestamp":"2026-06-10T12:51:19.682Z"}
{"level":"info","message":"::1 GET /api/v1/courseIntro/69c79314ac0488fe6c376c05 200 1875 - 296.193 ms","service":"courseIntro-service","timestamp":"2026-06-10T12:51:19.684Z"}
{"level":"info","message":"::1 GET /api/v1/category/public/all?page=1&limit=100 200 2892 - 311.697 ms","service":"category-service","timestamp":"2026-06-10T12:51:19.686Z"}
{"level":"info","message":"::1 GET /api/v1/review/69c79314ac0488fe6c376c05?page=1&limit=20&sort=newest 200 660 - 401.562 ms","service":"review-service","timestamp":"2026-06-10T12:51:19.690Z"}
{"level":"info","message":"::1 GET /api/v1/chapter/course/69c79314ac0488fe6c376c05 200 5284 - 93.524 ms","service":"chapter-service","timestamp":"2026-06-10T12:51:19.779Z"}
{"level":"info","message":"::1 GET /api/v1/review/69c79314ac0488fe6c376c05?page=1&limit=20&sort=newest 200 660 - 293.048 ms","service":"review-service","timestamp":"2026-06-10T12:51:19.985Z"}
