{"level":"info","message":"::1 GET /api/v1/auth/me 401 1299 - 1.007 ms","service":"auth-service","timestamp":"2026-03-27T18:39:13.199Z"}
{"level":"info","message":"::1 GET /api/v1/auth/me 401 1299 - 1.952 ms","service":"auth-service","timestamp":"2026-03-27T18:39:13.227Z"}
{"level":"info","message":"::1 POST /api/v1/auth/refresh-token - - - - ms","service":"auth-service","timestamp":"2026-03-27T18:39:16.155Z"}
{"level":"info","message":"::1 GET /api/v1/auth/me 401 1299 - 0.529 ms","service":"auth-service","timestamp":"2026-03-27T18:39:16.261Z"}
{"level":"info","message":"::1 GET /api/v1/auth/me 401 1299 - 0.506 ms","service":"auth-service","timestamp":"2026-03-27T18:39:16.264Z"}
{"level":"info","message":"::1 POST /api/v1/auth/refresh-token - - - - ms","service":"auth-service","timestamp":"2026-03-27T18:39:17.668Z"}
{"level":"info","message":"::1 GET /api/v1/auth/me 401 1299 - 0.601 ms","service":"auth-service","timestamp":"2026-03-27T18:39:17.760Z"}
{"level":"info","message":"::1 GET /api/v1/auth/me 401 1299 - 0.739 ms","service":"auth-service","timestamp":"2026-03-27T18:39:17.763Z"}
{"level":"info","message":"::1 GET /api/v1/auth/me 401 1299 - 0.398 ms","service":"auth-service","timestamp":"2026-03-27T18:39:34.635Z"}
{"level":"info","message":"::1 GET /api/v1/auth/me 401 1299 - 0.328 ms","service":"auth-service","timestamp":"2026-03-27T18:39:34.637Z"}
{"level":"info","message":"::1 POST /api/v1/auth/refresh-token - - - - ms","service":"auth-service","timestamp":"2026-03-27T18:39:39.176Z"}
{"level":"info","message":"::1 GET /api/v1/auth/me 401 1299 - 0.513 ms","service":"auth-service","timestamp":"2026-03-27T18:39:39.262Z"}
{"level":"info","message":"::1 GET /api/v1/auth/me 401 1299 - 0.438 ms","service":"auth-service","timestamp":"2026-03-27T18:39:39.263Z"}
{"level":"info","message":"::1 POST /api/v1/auth/logout 401 1299 - 0.280 ms","service":"auth-service","timestamp":"2026-03-27T18:39:42.704Z"}
{"level":"info","message":"::1 POST /api/v1/auth/refresh-token - - - - ms","service":"auth-service","timestamp":"2026-03-27T18:39:42.759Z"}
{"level":"info","message":"::1 OPTIONS /api/v1/auth/login 204 0 - 0.156 ms","service":"auth-service","timestamp":"2026-03-27T18:39:58.843Z"}
{"level":"info","message":"::1 POST /api/v1/auth/login 500 245 - 30009.192 ms","service":"auth-service","timestamp":"2026-03-27T18:40:28.853Z"}
{"level":"info","message":"::1 OPTIONS /api/v1/auth/login 204 0 - 0.103 ms","service":"auth-service","timestamp":"2026-03-27T18:40:56.459Z"}
{"level":"info","message":"::1 POST /api/v1/auth/login 200 373 - 754.597 ms","service":"auth-service","timestamp":"2026-03-27T18:40:57.216Z"}
{"level":"info","message":"::1 GET /api/v1/auth/me 200 848 - 293.687 ms","service":"auth-service","timestamp":"2026-03-27T18:41:08.043Z"}
{"level":"info","message":"::1 GET /api/v1/auth/me 200 848 - 165.571 ms","service":"auth-service","timestamp":"2026-03-27T18:41:08.211Z"}
{"level":"info","message":"::1 POST /api/v1/auth/logout 200 164 - 350.975 ms","service":"auth-service","timestamp":"2026-03-27T18:50:00.529Z"}
{"level":"info","message":"::1 OPTIONS /api/v1/auth/generate-reset-token 204 0 - 0.118 ms","service":"auth-service","timestamp":"2026-03-27T19:04:29.622Z"}
{"level":"info","message":"::1 POST /api/v1/auth/generate-reset-token 200 186 - 4788.926 ms","service":"auth-service","timestamp":"2026-03-27T19:04:34.413Z"}
{"level":"info","message":"::1 OPTIONS /api/v1/auth/verify-reset-otp 204 0 - 0.120 ms","service":"auth-service","timestamp":"2026-03-27T19:05:03.351Z"}
{"level":"info","message":"::1 POST /api/v1/auth/verify-reset-otp 200 254 - 236.120 ms","service":"auth-service","timestamp":"2026-03-27T19:05:03.590Z"}
{"level":"info","message":"::1 OPTIONS /api/v1/auth/new-password 204 0 - 0.081 ms","service":"auth-service","timestamp":"2026-03-27T19:05:47.442Z"}
{"level":"info","message":"::1 POST /api/v1/auth/new-password 200 168 - 1185.648 ms","service":"auth-service","timestamp":"2026-03-27T19:05:48.630Z"}
{"level":"info","message":"::1 OPTIONS /api/v1/auth/login 204 0 - 0.079 ms","service":"auth-service","timestamp":"2026-03-27T19:06:10.239Z"}
{"level":"info","message":"::1 POST /api/v1/auth/login 200 373 - 837.197 ms","service":"auth-service","timestamp":"2026-03-27T19:06:11.079Z"}
{"level":"info","message":"::1 GET /api/v1/auth/me 200 848 - 268.327 ms","service":"auth-service","timestamp":"2026-03-27T19:06:18.045Z"}
{"level":"info","message":"::1 GET /api/v1/auth/me 200 848 - 200.200 ms","service":"auth-service","timestamp":"2026-03-27T19:06:18.246Z"}
{"level":"info","message":"::1 GET /api/v1/auth/me 200 848 - 150.165 ms","service":"auth-service","timestamp":"2026-03-27T19:07:28.827Z"}
{"level":"info","message":"::1 GET /api/v1/auth/me 200 848 - 148.108 ms","service":"auth-service","timestamp":"2026-03-27T19:07:28.976Z"}
{"level":"info","message":"::1 GET /api/v1/auth/me 200 848 - 228.124 ms","service":"auth-service","timestamp":"2026-03-27T19:08:33.418Z"}
{"level":"info","message":"::1 GET /api/v1/auth/me 200 848 - 169.161 ms","service":"auth-service","timestamp":"2026-03-27T19:08:33.589Z"}
{"level":"info","message":"::1 GET /api/v1/auth/me 401 1299 - 3.052 ms","service":"auth-service","timestamp":"2026-03-28T06:53:59.501Z"}
{"level":"info","message":"::1 GET /api/v1/auth/me 401 1299 - 0.422 ms","service":"auth-service","timestamp":"2026-03-28T06:53:59.505Z"}
{"level":"info","message":"::1 POST /api/v1/auth/refresh-token 200 168 - 735.207 ms","service":"auth-service","timestamp":"2026-03-28T06:54:00.242Z"}
{"level":"info","message":"::1 GET /api/v1/auth/me 200 848 - 394.164 ms","service":"auth-service","timestamp":"2026-03-28T06:54:00.640Z"}
{"level":"info","message":"::1 GET /api/v1/auth/me 200 848 - 202.653 ms","service":"auth-service","timestamp":"2026-03-28T06:54:00.847Z"}
{"level":"info","message":"::1 POST /api/v1/auth/logout 200 164 - 294.168 ms","service":"auth-service","timestamp":"2026-03-28T06:54:07.706Z"}
{"level":"info","message":"::1 OPTIONS /api/v1/auth/login 204 0 - 0.433 ms","service":"auth-service","timestamp":"2026-03-28T06:54:49.586Z"}
{"level":"info","message":"::1 POST /api/v1/auth/login 401 187 - 1956.090 ms","service":"auth-service","timestamp":"2026-03-28T06:54:51.543Z"}
{"level":"info","message":"::1 OPTIONS /api/v1/auth/login 204 0 - 0.227 ms","service":"auth-service","timestamp":"2026-03-28T06:55:03.213Z"}
{"level":"info","message":"::1 POST /api/v1/auth/login 200 373 - 810.229 ms","service":"auth-service","timestamp":"2026-03-28T06:55:04.025Z"}
{"level":"info","message":"::1 GET /api/v1/auth/me 200 848 - 199.063 ms","service":"auth-service","timestamp":"2026-03-28T06:55:10.586Z"}
{"level":"info","message":"::1 GET /api/v1/auth/me 200 848 - 160.019 ms","service":"auth-service","timestamp":"2026-03-28T06:55:10.749Z"}
{"level":"info","message":"::1 POST /api/v1/auth/login 200 373 - 1033.192 ms","service":"auth-service","timestamp":"2026-03-28T07:15:27.095Z"}
{"level":"info","message":"::1 DELETE /api/v1/category/hard-delete/699ff98910a971a63bfd07c1 403 176 - 9.961 ms","service":"category-service","timestamp":"2026-03-28T07:15:48.805Z"}
{"level":"info","message":"::1 POST /api/v1/auth/login 200 378 - 762.203 ms","service":"auth-service","timestamp":"2026-03-28T07:19:11.007Z"}
{"level":"info","message":"::1 DELETE /api/v1/category/hard-delete/699ff98910a971a63bfd07c1 200 180 - 3601.588 ms","service":"category-service","timestamp":"2026-03-28T07:19:22.068Z"}
{"level":"info","message":"::1 DELETE /api/v1/category/hard-delete/69a008eaabfc15f9c94db073 200 180 - 3360.631 ms","service":"category-service","timestamp":"2026-03-28T07:20:01.424Z"}
{"level":"info","message":"::1 POST /api/v1/category/create 201 659 - 10951.105 ms","service":"category-service","timestamp":"2026-03-28T07:32:11.335Z"}
{"level":"info","message":"::1 POST /api/v1/category/create 201 679 - 8920.327 ms","service":"category-service","timestamp":"2026-03-28T07:34:02.385Z"}
{"level":"info","message":"::1 POST /api/v1/category/create 401 1306 - 0.653 ms","service":"category-service","timestamp":"2026-03-28T07:34:39.393Z"}
{"level":"info","message":"::1 POST /api/v1/auth/login 200 378 - 913.912 ms","service":"auth-service","timestamp":"2026-03-28T07:34:48.008Z"}
{"level":"info","message":"::1 POST /api/v1/category/create 201 661 - 4346.798 ms","service":"category-service","timestamp":"2026-03-28T07:34:55.688Z"}
{"level":"info","message":"::1 POST /api/v1/category/create 201 662 - 4855.799 ms","service":"category-service","timestamp":"2026-03-28T07:35:48.116Z"}
{"level":"info","message":"::1 POST /api/v1/category/create 201 660 - 3998.265 ms","service":"category-service","timestamp":"2026-03-28T07:36:29.965Z"}
{"level":"info","message":"::1 POST /api/v1/auth/login 200 378 - 1058.989 ms","service":"auth-service","timestamp":"2026-03-28T07:53:04.714Z"}
{"level":"info","message":"::1 POST /api/v1/auth/login 200 378 - 1002.261 ms","service":"auth-service","timestamp":"2026-03-28T08:04:48.615Z"}
{"level":"info","message":"::1 POST /api/v1/auth/login 200 378 - 1083.870 ms","service":"auth-service","timestamp":"2026-03-28T08:14:29.837Z"}
{"level":"info","message":"::1 POST /api/v1/auth/login 200 378 - 1279.753 ms","service":"auth-service","timestamp":"2026-03-28T08:30:32.707Z"}
{"level":"info","message":"::1 POST /api/v1/auth/login 200 378 - 989.405 ms","service":"auth-service","timestamp":"2026-03-28T08:35:12.645Z"}
{"level":"info","message":"::1 GET /api/v1/category/public/all?page=1&limit=100 401 1306 - 0.833 ms","service":"category-service","timestamp":"2026-03-28T09:02:42.144Z"}
{"level":"info","message":"::1 GET /api/v1/category/public/all?page=1&limit=100 401 1306 - 0.373 ms","service":"category-service","timestamp":"2026-03-28T09:02:42.149Z"}
{"level":"info","message":"::1 POST /api/v1/auth/refresh-token 200 168 - 619.614 ms","service":"auth-service","timestamp":"2026-03-28T09:02:42.816Z"}
{"level":"info","message":"::1 GET /api/v1/category/public/all?page=1&limit=100 200 2667 - 452.812 ms","service":"category-service","timestamp":"2026-03-28T09:02:43.274Z"}
{"level":"info","message":"::1 GET /api/v1/category/public/all?page=1&limit=100 200 2667 - 160.939 ms","service":"category-service","timestamp":"2026-03-28T09:02:43.436Z"}
{"level":"info","message":"::1 GET /api/v1/category/public/all?page=1&limit=100 200 2667 - 101.875 ms","service":"category-service","timestamp":"2026-03-28T09:08:01.041Z"}
{"level":"info","message":"::1 GET /api/v1/category/public/all?page=1&limit=100 200 2667 - 234.653 ms","service":"category-service","timestamp":"2026-03-28T09:08:01.280Z"}
{"level":"info","message":"::1 GET /api/v1/category/public/all?page=1&limit=100 200 2667 - 149.248 ms","service":"category-service","timestamp":"2026-03-28T09:09:53.767Z"}
{"level":"info","message":"::1 GET /api/v1/category/public/all?page=1&limit=100 200 2667 - 268.469 ms","service":"category-service","timestamp":"2026-03-28T09:09:54.038Z"}
{"level":"info","message":"::1 GET /api/v1/category/public/all?page=1&limit=100 401 1306 - 0.975 ms","service":"category-service","timestamp":"2026-03-28T10:59:04.468Z"}
{"level":"info","message":"::1 GET /api/v1/category/public/all?page=1&limit=100 401 1306 - 0.403 ms","service":"category-service","timestamp":"2026-03-28T10:59:04.473Z"}
{"level":"info","message":"::1 POST /api/v1/auth/refresh-token 200 168 - 17881.647 ms","service":"auth-service","timestamp":"2026-03-28T10:59:22.363Z"}
{"level":"info","message":"::1 GET /api/v1/category/public/all?page=1&limit=100 200 2667 - 2377.828 ms","service":"category-service","timestamp":"2026-03-28T10:59:24.745Z"}
{"level":"info","message":"::1 GET /api/v1/category/public/all?page=1&limit=100 200 2667 - 112.010 ms","service":"category-service","timestamp":"2026-03-28T10:59:24.859Z"}
{"level":"info","message":"::1 GET /api/v1/category/public/all?page=1&limit=100 200 2667 - 4977.495 ms","service":"category-service","timestamp":"2026-03-28T11:10:10.428Z"}
{"level":"info","message":"::1 GET /api/v1/category/public/all?page=1&limit=100 200 2667 - 720.745 ms","service":"category-service","timestamp":"2026-03-28T11:10:11.150Z"}
{"level":"info","message":"::1 GET /api/v1/category/public/all?page=1&limit=100 200 2667 - 136.113 ms","service":"category-service","timestamp":"2026-03-28T11:10:34.861Z"}
{"level":"info","message":"::1 GET /api/v1/category/public/all?page=1&limit=100 200 2667 - 141.445 ms","service":"category-service","timestamp":"2026-03-28T11:10:35.004Z"}
{"level":"info","message":"::1 GET /api/v1/category/public/all?page=1&limit=100 200 2667 - 149.363 ms","service":"category-service","timestamp":"2026-03-28T11:12:37.943Z"}
{"level":"info","message":"::1 GET /api/v1/category/public/all?page=1&limit=100 200 2667 - 141.051 ms","service":"category-service","timestamp":"2026-03-28T11:12:38.087Z"}
{"level":"info","message":"::1 GET /api/v1/category/public/all?page=1&limit=100 401 1306 - 0.637 ms","service":"category-service","timestamp":"2026-03-28T11:14:27.634Z"}
{"level":"info","message":"::1 GET /api/v1/category/public/all?page=1&limit=100 401 1306 - 0.506 ms","service":"category-service","timestamp":"2026-03-28T11:14:27.637Z"}
{"level":"info","message":"::1 POST /api/v1/auth/refresh-token 200 168 - 714.350 ms","service":"auth-service","timestamp":"2026-03-28T11:14:28.372Z"}
{"level":"info","message":"::1 GET /api/v1/category/public/all?page=1&limit=100 200 2667 - 199.931 ms","service":"category-service","timestamp":"2026-03-28T11:14:28.577Z"}
{"level":"info","message":"::1 GET /api/v1/category/public/all?page=1&limit=100 200 2667 - 210.366 ms","service":"category-service","timestamp":"2026-03-28T11:14:28.789Z"}
{"level":"info","message":"::1 GET /api/v1/category/public/all?page=1&limit=100 200 2667 - 208.988 ms","service":"category-service","timestamp":"2026-03-28T11:14:49.672Z"}
{"level":"info","message":"::1 GET /api/v1/category/public/all?page=1&limit=100 200 2667 - 204.417 ms","service":"category-service","timestamp":"2026-03-28T11:14:49.878Z"}
{"level":"info","message":"::1 GET /api/v1/category/public/all?page=1&limit=100 200 2667 - 294.838 ms","service":"category-service","timestamp":"2026-03-28T11:16:06.432Z"}
{"level":"info","message":"::1 GET /api/v1/category/public/all?page=1&limit=100 200 2667 - 141.385 ms","service":"category-service","timestamp":"2026-03-28T11:16:06.575Z"}
{"level":"info","message":"::1 GET /api/v1/category/public/all?page=1&limit=100 200 2667 - 178.963 ms","service":"category-service","timestamp":"2026-03-28T11:16:41.862Z"}
{"level":"info","message":"::1 GET /api/v1/category/public/all?page=1&limit=100 200 2667 - 142.478 ms","service":"category-service","timestamp":"2026-03-28T11:16:42.005Z"}
{"level":"info","message":"::1 GET /api/v1/category/public/all?page=1&limit=100 200 2667 - 133.864 ms","service":"category-service","timestamp":"2026-03-28T11:16:43.540Z"}
{"level":"info","message":"::1 GET /api/v1/category/public/all?page=1&limit=100 200 2667 - 203.511 ms","service":"category-service","timestamp":"2026-03-28T11:16:43.746Z"}
{"level":"info","message":"::1 GET /api/v1/category/public/all?page=1&limit=100 200 2667 - 107.821 ms","service":"category-service","timestamp":"2026-03-28T11:16:44.668Z"}
{"level":"info","message":"::1 GET /api/v1/category/public/all?page=1&limit=100 200 2667 - 200.089 ms","service":"category-service","timestamp":"2026-03-28T11:16:44.870Z"}
{"level":"info","message":"::1 GET /api/v1/category/public/all?page=1&limit=100 200 2667 - 173.006 ms","service":"category-service","timestamp":"2026-03-28T11:20:19.957Z"}
{"level":"info","message":"::1 GET /api/v1/category/public/all?page=1&limit=100 200 2667 - 95.086 ms","service":"category-service","timestamp":"2026-03-28T11:20:20.054Z"}
{"level":"info","message":"::1 GET /api/v1/category/public/all?page=1&limit=100 200 2667 - 164.407 ms","service":"category-service","timestamp":"2026-03-28T11:20:37.835Z"}
{"level":"info","message":"::1 GET /api/v1/category/public/all?page=1&limit=100 200 2667 - 201.835 ms","service":"category-service","timestamp":"2026-03-28T11:20:38.039Z"}
{"level":"info","message":"::1 GET /api/v1/category/public/all?page=1&limit=100 200 2667 - 235.991 ms","service":"category-service","timestamp":"2026-03-28T11:22:32.021Z"}
{"level":"info","message":"::1 GET /api/v1/category/public/all?page=1&limit=100 200 2667 - 256.204 ms","service":"category-service","timestamp":"2026-03-28T11:22:32.279Z"}
{"level":"info","message":"::1 GET /api/v1/category/public/all?page=1&limit=100 200 2667 - 148.347 ms","service":"category-service","timestamp":"2026-03-28T11:26:52.925Z"}
{"level":"info","message":"::1 GET /api/v1/category/public/all?page=1&limit=100 200 2667 - 104.148 ms","service":"category-service","timestamp":"2026-03-28T11:26:53.031Z"}
{"level":"info","message":"::1 GET /api/v1/course/public/all?page=1&limit=8 401 1306 - 0.883 ms","service":"course-service","timestamp":"2026-03-28T11:42:23.532Z"}
{"level":"info","message":"::1 GET /api/v1/course/public/all?page=1&limit=8 401 1306 - 0.297 ms","service":"course-service","timestamp":"2026-03-28T11:42:23.534Z"}
{"level":"info","message":"::1 POST /api/v1/auth/refresh-token 200 168 - 623.617 ms","service":"auth-service","timestamp":"2026-03-28T11:42:24.160Z"}
{"level":"info","message":"::1 GET /api/v1/course/public/all?page=1&limit=8 200 6204 - 505.595 ms","service":"course-service","timestamp":"2026-03-28T11:42:24.670Z"}
{"level":"info","message":"::1 GET /api/v1/course/public/all?page=1&limit=8 200 6204 - 304.969 ms","service":"course-service","timestamp":"2026-03-28T11:42:24.977Z"}
{"level":"info","message":"::1 GET /api/v1/auth/me 200 853 - 217.636 ms","service":"auth-service","timestamp":"2026-03-28T11:46:02.374Z"}
{"level":"info","message":"::1 GET /api/v1/auth/me 200 853 - 407.122 ms","service":"auth-service","timestamp":"2026-03-28T11:46:02.784Z"}
{"level":"info","message":"::1 GET /api/v1/category/public/all?page=1&limit=100 200 2667 - 150.863 ms","service":"category-service","timestamp":"2026-03-28T11:46:14.357Z"}
{"level":"info","message":"::1 GET /api/v1/category/public/all?page=1&limit=100 200 2667 - 111.896 ms","service":"category-service","timestamp":"2026-03-28T11:46:14.470Z"}
{"level":"info","message":"::1 GET /api/v1/course/public/all?page=1&limit=8 200 6204 - 1387.669 ms","service":"course-service","timestamp":"2026-03-28T11:46:15.596Z"}
{"level":"info","message":"::1 GET /api/v1/course/public/all?page=1&limit=8 200 6204 - 249.203 ms","service":"course-service","timestamp":"2026-03-28T11:46:15.847Z"}
{"level":"info","message":"::1 GET /api/v1/category/public/all?page=1&limit=100 200 2667 - 175.908 ms","service":"category-service","timestamp":"2026-03-28T11:49:35.677Z"}
{"level":"info","message":"::1 GET /api/v1/course/public/all?page=1&limit=8 200 6204 - 273.145 ms","service":"course-service","timestamp":"2026-03-28T11:49:35.776Z"}
{"level":"info","message":"::1 GET /api/v1/category/public/all?page=1&limit=100 200 2667 - 106.971 ms","service":"category-service","timestamp":"2026-03-28T11:49:35.785Z"}
{"level":"info","message":"::1 GET /api/v1/category/public/all?page=1&limit=100 200 2667 - 199.307 ms","service":"category-service","timestamp":"2026-03-28T11:49:35.987Z"}
{"level":"info","message":"::1 GET /api/v1/course/public/all?page=1&limit=8 200 6204 - 306.389 ms","service":"course-service","timestamp":"2026-03-28T11:49:36.084Z"}
{"level":"info","message":"::1 GET /api/v1/category/public/all?page=1&limit=100 200 2667 - 115.620 ms","service":"category-service","timestamp":"2026-03-28T11:49:36.104Z"}
{"level":"info","message":"::1 GET /api/v1/category/public/all?page=1&limit=100 200 2667 - 132.635 ms","service":"category-service","timestamp":"2026-03-28T11:52:45.055Z"}
{"level":"info","message":"::1 GET /api/v1/category/public/all?page=1&limit=100 200 2667 - 265.388 ms","service":"category-service","timestamp":"2026-03-28T11:52:45.323Z"}
{"level":"info","message":"::1 GET /api/v1/course/public/all?page=1&limit=8 200 6204 - 397.704 ms","service":"course-service","timestamp":"2026-03-28T11:52:45.325Z"}
{"level":"info","message":"::1 GET /api/v1/category/public/all?page=1&limit=100 200 2667 - 197.759 ms","service":"category-service","timestamp":"2026-03-28T11:52:45.524Z"}
{"level":"info","message":"::1 GET /api/v1/course/public/all?page=1&limit=8 200 6204 - 298.386 ms","service":"course-service","timestamp":"2026-03-28T11:52:45.627Z"}
{"level":"info","message":"::1 GET /api/v1/category/public/all?page=1&limit=100 200 2667 - 107.536 ms","service":"category-service","timestamp":"2026-03-28T11:52:45.633Z"}
{"level":"info","message":"::1 GET /api/v1/category/public/all?page=1&limit=100 200 2667 - 116.444 ms","service":"category-service","timestamp":"2026-03-28T11:54:11.501Z"}
{"level":"info","message":"::1 GET /api/v1/category/public/all?page=1&limit=100 200 2667 - 140.116 ms","service":"category-service","timestamp":"2026-03-28T11:54:11.643Z"}
{"level":"info","message":"::1 GET /api/v1/course/public/all?page=1&limit=8 200 6204 - 257.775 ms","service":"course-service","timestamp":"2026-03-28T11:54:11.645Z"}
{"level":"info","message":"::1 GET /api/v1/category/public/all?page=1&limit=100 200 2667 - 202.580 ms","service":"category-service","timestamp":"2026-03-28T11:54:11.849Z"}
{"level":"info","message":"::1 GET /api/v1/course/public/all?page=1&limit=8 200 6204 - 403.015 ms","service":"course-service","timestamp":"2026-03-28T11:54:12.052Z"}
{"level":"info","message":"::1 GET /api/v1/category/public/all?page=1&limit=100 200 2667 - 202.456 ms","service":"category-service","timestamp":"2026-03-28T11:54:12.053Z"}
{"level":"info","message":"::1 GET /api/v1/category/public/all?page=1&limit=100 401 1306 - 0.428 ms","service":"category-service","timestamp":"2026-03-28T12:11:42.875Z"}
{"level":"info","message":"::1 GET /api/v1/category/public/all?page=1&limit=100 401 1306 - 0.227 ms","service":"category-service","timestamp":"2026-03-28T12:11:42.877Z"}
{"level":"info","message":"::1 GET /api/v1/course/public/all?page=1&limit=8 401 1306 - 0.231 ms","service":"course-service","timestamp":"2026-03-28T12:11:42.878Z"}
{"level":"info","message":"::1 GET /api/v1/category/public/all?page=1&limit=100 401 1306 - 0.468 ms","service":"category-service","timestamp":"2026-03-28T12:11:42.881Z"}
{"level":"info","message":"::1 GET /api/v1/category/public/all?page=1&limit=100 401 1306 - 0.390 ms","service":"category-service","timestamp":"2026-03-28T12:11:42.884Z"}
{"level":"info","message":"::1 GET /api/v1/course/public/all?page=1&limit=8 401 1306 - 0.696 ms","service":"course-service","timestamp":"2026-03-28T12:11:42.887Z"}
{"level":"info","message":"::1 POST /api/v1/auth/refresh-token 200 168 - 775.303 ms","service":"auth-service","timestamp":"2026-03-28T12:11:43.708Z"}
{"level":"info","message":"::1 GET /api/v1/category/public/all?page=1&limit=100 200 2667 - 196.450 ms","service":"category-service","timestamp":"2026-03-28T12:11:43.911Z"}
{"level":"info","message":"::1 GET /api/v1/course/public/all?page=1&limit=8 200 6204 - 297.685 ms","service":"course-service","timestamp":"2026-03-28T12:11:44.014Z"}
{"level":"info","message":"::1 GET /api/v1/category/public/all?page=1&limit=100 200 2667 - 124.509 ms","service":"category-service","timestamp":"2026-03-28T12:11:44.037Z"}
{"level":"info","message":"::1 GET /api/v1/category/public/all?page=1&limit=100 200 2667 - 182.926 ms","service":"category-service","timestamp":"2026-03-28T12:11:44.223Z"}
{"level":"info","message":"::1 GET /api/v1/course/public/all?page=1&limit=8 200 6204 - 304.608 ms","service":"course-service","timestamp":"2026-03-28T12:11:44.320Z"}
{"level":"info","message":"::1 GET /api/v1/category/public/all?page=1&limit=100 200 2667 - 103.712 ms","service":"category-service","timestamp":"2026-03-28T12:11:44.328Z"}
{"level":"info","message":"::1 GET /api/v1/category/public/all?page=1&limit=100 200 2667 - 549.742 ms","service":"category-service","timestamp":"2026-03-28T12:18:12.399Z"}
{"level":"info","message":"::1 GET /api/v1/course/public/all?page=1&limit=8 200 6204 - 791.320 ms","service":"course-service","timestamp":"2026-03-28T12:18:12.642Z"}
{"level":"info","message":"::1 GET /api/v1/category/public/all?page=1&limit=100 200 2667 - 278.438 ms","service":"category-service","timestamp":"2026-03-28T12:18:12.679Z"}
{"level":"info","message":"::1 GET /api/v1/category/public/all?page=1&limit=100 200 2667 - 187.744 ms","service":"category-service","timestamp":"2026-03-28T12:18:12.868Z"}
{"level":"info","message":"::1 GET /api/v1/course/public/all?page=1&limit=8 200 6204 - 394.644 ms","service":"course-service","timestamp":"2026-03-28T12:18:13.038Z"}
{"level":"info","message":"::1 GET /api/v1/category/public/all?page=1&limit=100 200 2667 - 259.575 ms","service":"category-service","timestamp":"2026-03-28T12:18:13.129Z"}
{"level":"info","message":"::1 GET /api/v1/category/public/all?page=1&limit=100 200 2667 - 2485.131 ms","service":"category-service","timestamp":"2026-03-28T12:18:23.587Z"}
{"level":"info","message":"::1 GET /api/v1/course/public/all?page=1&limit=12&categoryId=69c783faac0488fe6c376bc0 200 3147 - 4959.651 ms","service":"course-service","timestamp":"2026-03-28T12:18:26.060Z"}
{"level":"info","message":"::1 GET /api/v1/category/public/all?page=1&limit=100 200 2667 - 2837.697 ms","service":"category-service","timestamp":"2026-03-28T12:18:26.426Z"}
{"level":"info","message":"::1 GET /api/v1/course/public/all?page=1&limit=12&categoryId=69c783faac0488fe6c376bc0 200 3147 - 1962.644 ms","service":"course-service","timestamp":"2026-03-28T12:18:28.024Z"}
{"level":"info","message":"::1 GET /api/v1/course/public/all?page=1&limit=12&categoryId=69c7846aac0488fe6c376bc3 200 2602 - 452.409 ms","service":"course-service","timestamp":"2026-03-28T12:18:39.768Z"}
{"level":"info","message":"::1 GET /api/v1/course/public/all?page=1&limit=12&categoryId=69c783faac0488fe6c376bc0 200 3147 - 315.082 ms","service":"course-service","timestamp":"2026-03-28T12:18:46.002Z"}
{"level":"info","message":"::1 GET /api/v1/course/public/all?page=1&limit=12&type=theory&categoryId=69c783faac0488fe6c376bc0 200 1729 - 250.538 ms","service":"course-service","timestamp":"2026-03-28T12:18:51.001Z"}
{"level":"info","message":"::1 GET /api/v1/course/public/all?page=1&limit=12&type=practical&categoryId=69c783faac0488fe6c376bc0 200 1680 - 410.541 ms","service":"course-service","timestamp":"2026-03-28T12:18:53.988Z"}
{"level":"info","message":"::1 GET /api/v1/category/public/all?page=1&limit=100 200 2667 - 115.136 ms","service":"category-service","timestamp":"2026-03-28T12:19:12.024Z"}
{"level":"info","message":"::1 GET /api/v1/category/public/all?page=1&limit=100 200 2667 - 161.050 ms","service":"category-service","timestamp":"2026-03-28T12:19:12.187Z"}
{"level":"info","message":"::1 GET /api/v1/course/public/all?page=1&limit=12&type=practical&categoryId=69c783faac0488fe6c376bc0 200 1680 - 283.815 ms","service":"course-service","timestamp":"2026-03-28T12:19:12.196Z"}
{"level":"info","message":"::1 GET /api/v1/category/public/all?page=1&limit=100 200 2667 - 129.454 ms","service":"category-service","timestamp":"2026-03-28T12:19:12.320Z"}
{"level":"info","message":"::1 GET /api/v1/category/public/all?page=1&limit=100 200 2667 - 118.366 ms","service":"category-service","timestamp":"2026-03-28T12:19:12.440Z"}
{"level":"info","message":"::1 GET /api/v1/course/public/all?page=1&limit=12&type=practical&categoryId=69c783faac0488fe6c376bc0 200 1680 - 244.409 ms","service":"course-service","timestamp":"2026-03-28T12:19:12.443Z"}
{"level":"info","message":"::1 GET /api/v1/course/public/all?page=1&limit=12&type=theory&categoryId=69c783faac0488fe6c376bc0 200 1729 - 283.834 ms","service":"course-service","timestamp":"2026-03-28T12:19:59.332Z"}
{"level":"info","message":"::1 GET /api/v1/course/public/all?page=1&limit=12&categoryId=69c783faac0488fe6c376bc0 200 3147 - 420.250 ms","service":"course-service","timestamp":"2026-03-28T12:20:05.059Z"}
{"level":"info","message":"::1 POST /api/v1/auth/login 200 378 - 1201.344 ms","service":"auth-service","timestamp":"2026-03-28T12:35:13.045Z"}
{"level":"info","message":"::1 GET /api/v1/course/all 200 7766 - 357.306 ms","service":"course-service","timestamp":"2026-03-28T12:35:38.239Z"}
{"level":"info","message":"::1 POST /api/v1/auth/login 200 378 - 1015.295 ms","service":"auth-service","timestamp":"2026-03-28T12:46:40.252Z"}
{"level":"info","message":"::1 POST /api/v1/auth/login 200 378 - 1610.331 ms","service":"auth-service","timestamp":"2026-03-28T13:01:57.127Z"}
{"level":"info","message":"::1 POST /api/v1/auth/login 200 378 - 877.685 ms","service":"auth-service","timestamp":"2026-03-28T13:17:27.700Z"}
{"level":"info","message":"::1 POST /api/v1/auth/login 200 378 - 1354.214 ms","service":"auth-service","timestamp":"2026-03-28T14:01:08.170Z"}
{"level":"info","message":"::1 GET /api/v1/course/public/all?page=1&limit=12&categoryId=69c783faac0488fe6c376bc0 401 1306 - 5.211 ms","service":"course-service","timestamp":"2026-03-28T14:27:40.143Z"}
{"level":"info","message":"::1 GET /api/v1/course/public/all?page=1&limit=12&categoryId=69c783faac0488fe6c376bc0 401 1306 - 0.501 ms","service":"course-service","timestamp":"2026-03-28T14:27:40.145Z"}
{"level":"info","message":"::1 GET /api/v1/category/public/all?page=1&limit=100 401 1306 - 0.511 ms","service":"category-service","timestamp":"2026-03-28T14:27:40.151Z"}
{"level":"info","message":"::1 GET /api/v1/category/public/all?page=1&limit=100 401 1306 - 0.455 ms","service":"category-service","timestamp":"2026-03-28T14:27:40.154Z"}
{"level":"info","message":"::1 GET /api/v1/category/public/all?page=1&limit=100 401 1306 - 0.366 ms","service":"category-service","timestamp":"2026-03-28T14:27:40.158Z"}
{"level":"info","message":"::1 GET /api/v1/category/public/all?page=1&limit=100 401 1306 - 0.727 ms","service":"category-service","timestamp":"2026-03-28T14:27:40.163Z"}
{"level":"info","message":"::1 POST /api/v1/auth/refresh-token 200 168 - 423.280 ms","service":"auth-service","timestamp":"2026-03-28T14:27:40.580Z"}
{"level":"info","message":"::1 GET /api/v1/category/public/all?page=1&limit=100 200 2667 - 213.082 ms","service":"category-service","timestamp":"2026-03-28T14:27:40.919Z"}
{"level":"info","message":"::1 GET /api/v1/course/public/all?page=1&limit=12&categoryId=69c783faac0488fe6c376bc0 200 3147 - 283.089 ms","service":"course-service","timestamp":"2026-03-28T14:27:40.982Z"}
{"level":"info","message":"::1 GET /api/v1/category/public/all?page=1&limit=100 200 2667 - 151.563 ms","service":"category-service","timestamp":"2026-03-28T14:27:41.075Z"}
{"level":"info","message":"::1 GET /api/v1/course/public/all?page=1&limit=12&categoryId=69c783faac0488fe6c376bc0 200 3147 - 235.573 ms","service":"course-service","timestamp":"2026-03-28T14:27:41.220Z"}
{"level":"info","message":"::1 GET /api/v1/category/public/all?page=1&limit=100 200 2667 - 145.461 ms","service":"category-service","timestamp":"2026-03-28T14:27:41.224Z"}
{"level":"info","message":"::1 GET /api/v1/category/public/all?page=1&limit=100 200 2667 - 174.796 ms","service":"category-service","timestamp":"2026-03-28T14:27:41.402Z"}
{"level":"info","message":"::1 GET /api/v1/course/public/all?page=1&limit=12&categoryId=69c7846aac0488fe6c376bc3 200 2602 - 174.641 ms","service":"course-service","timestamp":"2026-03-28T14:28:07.494Z"}
{"level":"info","message":"::1 GET /api/v1/course/public/all 200 7766 - 205.929 ms","service":"course-service","timestamp":"2026-03-28T14:34:36.445Z"}
{"level":"info","message":"::1 GET /favicon.ico 404 150 - 1.469 ms","service":"gateway-service","timestamp":"2026-03-28T14:34:36.528Z"}
{"level":"info","message":"::1 GET /api/v1/category/public/all?page=1&limit=100 200 2667 - 141.597 ms","service":"category-service","timestamp":"2026-03-28T14:39:15.794Z"}
{"level":"info","message":"::1 GET /api/v1/course/public/all?page=1&limit=12&categoryId=69c7846aac0488fe6c376bc3 200 2602 - 246.188 ms","service":"course-service","timestamp":"2026-03-28T14:39:15.901Z"}
{"level":"info","message":"::1 GET /api/v1/category/public/all?page=1&limit=100 200 2667 - 108.686 ms","service":"category-service","timestamp":"2026-03-28T14:39:15.904Z"}
{"level":"info","message":"::1 GET /api/v1/category/public/all?page=1&limit=100 200 2667 - 95.319 ms","service":"category-service","timestamp":"2026-03-28T14:39:16.001Z"}
{"level":"info","message":"::1 GET /api/v1/course/public/all?page=1&limit=12&categoryId=69c7846aac0488fe6c376bc3 200 2602 - 198.234 ms","service":"course-service","timestamp":"2026-03-28T14:39:16.101Z"}
{"level":"info","message":"::1 GET /api/v1/category/public/all?page=1&limit=100 200 2667 - 99.691 ms","service":"category-service","timestamp":"2026-03-28T14:39:16.102Z"}
{"level":"info","message":"::1 GET /api/v1/course/public/all?page=1&limit=12&categoryId=69c783faac0488fe6c376bc0 401 1306 - 0.984 ms","service":"course-service","timestamp":"2026-03-28T14:56:04.522Z"}
{"level":"info","message":"::1 POST /api/v1/auth/refresh-token 200 168 - 724.661 ms","service":"auth-service","timestamp":"2026-03-28T14:56:05.250Z"}
{"level":"info","message":"::1 GET /api/v1/course/public/all?page=1&limit=12&categoryId=69c783faac0488fe6c376bc0 200 3147 - 289.616 ms","service":"course-service","timestamp":"2026-03-28T14:56:05.545Z"}
{"level":"info","message":"::1 GET /api/v1/courseIntro/69c78ab1ac0488fe6c376be1 200 2071 - 187.423 ms","service":"courseIntro-service","timestamp":"2026-03-28T14:56:08.162Z"}
{"level":"info","message":"::1 GET /api/v1/courseIntro/69c78ab1ac0488fe6c376be1 200 2071 - 149.464 ms","service":"courseIntro-service","timestamp":"2026-03-28T14:56:08.314Z"}
{"level":"info","message":"::1 GET /api/v1/category/public/all?page=1&limit=100 200 2667 - 97.123 ms","service":"category-service","timestamp":"2026-03-28T14:56:15.804Z"}
{"level":"info","message":"::1 GET /api/v1/courseIntro/69c78ab1ac0488fe6c376be1 200 2071 - 96.779 ms","service":"courseIntro-service","timestamp":"2026-03-28T14:56:15.806Z"}
{"level":"info","message":"::1 GET /api/v1/courseIntro/69c78ab1ac0488fe6c376be1 200 2071 - 196.989 ms","service":"courseIntro-service","timestamp":"2026-03-28T14:56:16.007Z"}
{"level":"info","message":"::1 GET /api/v1/category/public/all?page=1&limit=100 200 2667 - 201.939 ms","service":"category-service","timestamp":"2026-03-28T14:56:16.009Z"}
{"level":"info","message":"::1 GET /api/v1/category/public/all?page=1&limit=100 200 2667 - 134.455 ms","service":"category-service","timestamp":"2026-03-28T14:57:33.832Z"}
{"level":"info","message":"::1 GET /api/v1/courseIntro/69c78ab1ac0488fe6c376be1 200 2071 - 133.692 ms","service":"courseIntro-service","timestamp":"2026-03-28T14:57:33.833Z"}
{"level":"info","message":"::1 GET /api/v1/courseIntro/69c78ab1ac0488fe6c376be1 200 2071 - 97.780 ms","service":"courseIntro-service","timestamp":"2026-03-28T14:57:33.933Z"}
{"level":"info","message":"::1 GET /api/v1/category/public/all?page=1&limit=100 200 2667 - 100.444 ms","service":"category-service","timestamp":"2026-03-28T14:57:33.934Z"}
{"level":"info","message":"::1 GET /api/v1/courseIntro/69c78ab1ac0488fe6c376be1 200 2071 - 81.555 ms","service":"courseIntro-service","timestamp":"2026-03-28T14:57:35.779Z"}
{"level":"info","message":"::1 GET /api/v1/category/public/all?page=1&limit=100 200 2667 - 86.128 ms","service":"category-service","timestamp":"2026-03-28T14:57:35.781Z"}
{"level":"info","message":"::1 GET /api/v1/courseIntro/69c78ab1ac0488fe6c376be1 200 2071 - 78.589 ms","service":"courseIntro-service","timestamp":"2026-03-28T14:57:35.859Z"}
{"level":"info","message":"::1 GET /api/v1/category/public/all?page=1&limit=100 200 2667 - 78.586 ms","service":"category-service","timestamp":"2026-03-28T14:57:35.861Z"}
{"level":"info","message":"::1 GET /api/v1/courseIntro/69c78ab1ac0488fe6c376be1 200 2071 - 82.591 ms","service":"courseIntro-service","timestamp":"2026-03-28T14:57:49.643Z"}
{"level":"info","message":"::1 GET /api/v1/category/public/all?page=1&limit=100 200 2667 - 91.366 ms","service":"category-service","timestamp":"2026-03-28T14:57:49.648Z"}
{"level":"info","message":"::1 GET /api/v1/courseIntro/69c78ab1ac0488fe6c376be1 200 2071 - 70.837 ms","service":"courseIntro-service","timestamp":"2026-03-28T14:57:49.716Z"}
{"level":"info","message":"::1 GET /api/v1/category/public/all?page=1&limit=100 200 2667 - 83.016 ms","service":"category-service","timestamp":"2026-03-28T14:57:49.735Z"}
{"level":"info","message":"::1 GET /api/v1/category/public/all?page=1&limit=100 200 2667 - 85.974 ms","service":"category-service","timestamp":"2026-03-28T14:57:57.332Z"}
{"level":"info","message":"::1 GET /api/v1/course/public/all?page=1&limit=12&categoryId=69c783faac0488fe6c376bc0 200 3147 - 156.624 ms","service":"course-service","timestamp":"2026-03-28T14:57:57.405Z"}
{"level":"info","message":"::1 GET /api/v1/category/public/all?page=1&limit=100 200 2667 - 84.383 ms","service":"category-service","timestamp":"2026-03-28T14:57:57.418Z"}
{"level":"info","message":"::1 GET /api/v1/course/public/all?page=1&limit=12&categoryId=69c783faac0488fe6c376bc0 200 3147 - 137.087 ms","service":"course-service","timestamp":"2026-03-28T14:57:57.545Z"}
{"level":"info","message":"::1 GET /api/v1/courseIntro/69c78a3fac0488fe6c376bdc 200 2041 - 129.892 ms","service":"courseIntro-service","timestamp":"2026-03-28T14:57:59.404Z"}
{"level":"info","message":"::1 GET /api/v1/courseIntro/69c78a3fac0488fe6c376bdc 200 2041 - 64.227 ms","service":"courseIntro-service","timestamp":"2026-03-28T14:57:59.471Z"}
{"level":"info","message":"::1 GET /api/v1/courseIntro/69c78a3fac0488fe6c376bdc 200 2041 - 89.953 ms","service":"courseIntro-service","timestamp":"2026-03-28T15:01:58.007Z"}
{"level":"info","message":"::1 GET /api/v1/category/public/all?page=1&limit=100 200 2667 - 92.881 ms","service":"category-service","timestamp":"2026-03-28T15:01:58.008Z"}
{"level":"info","message":"::1 GET /api/v1/category/public/all?page=1&limit=100 200 2667 - 115.218 ms","service":"category-service","timestamp":"2026-03-28T15:01:58.127Z"}
{"level":"info","message":"::1 GET /api/v1/courseIntro/69c78a3fac0488fe6c376bdc 200 2041 - 118.825 ms","service":"courseIntro-service","timestamp":"2026-03-28T15:01:58.129Z"}
{"level":"info","message":"::1 GET /api/v1/chapter/course/69c78a3fac0488fe6c376bdc 401 1306 - 0.508 ms","service":"chapter-service","timestamp":"2026-03-28T15:15:44.618Z"}
{"level":"info","message":"::1 GET /api/v1/courseIntro/69c78a3fac0488fe6c376bdc 401 1306 - 0.779 ms","service":"courseIntro-service","timestamp":"2026-03-28T15:15:44.620Z"}
{"level":"info","message":"::1 POST /api/v1/auth/refresh-token 200 168 - 483.420 ms","service":"auth-service","timestamp":"2026-03-28T15:15:45.105Z"}
{"level":"info","message":"::1 GET /api/v1/chapter/course/69c78a3fac0488fe6c376bdc 200 190 - 96.504 ms","service":"chapter-service","timestamp":"2026-03-28T15:15:45.206Z"}
{"level":"info","message":"::1 GET /api/v1/courseIntro/69c78a3fac0488fe6c376bdc 200 2041 - 96.090 ms","service":"courseIntro-service","timestamp":"2026-03-28T15:15:45.207Z"}
{"level":"info","message":"::1 GET /api/v1/courseIntro/69c78a3fac0488fe6c376bdc 200 2041 - 117.473 ms","service":"courseIntro-service","timestamp":"2026-03-28T15:15:49.778Z"}
{"level":"info","message":"::1 GET /api/v1/chapter/course/69c78a3fac0488fe6c376bdc 200 190 - 117.509 ms","service":"chapter-service","timestamp":"2026-03-28T15:15:49.778Z"}
{"level":"info","message":"::1 GET /api/v1/category/public/all?page=1&limit=100 200 2667 - 121.714 ms","service":"category-service","timestamp":"2026-03-28T15:15:49.781Z"}
{"level":"info","message":"::1 GET /api/v1/courseIntro/69c78a3fac0488fe6c376bdc 200 2041 - 136.218 ms","service":"courseIntro-service","timestamp":"2026-03-28T15:15:49.916Z"}
{"level":"info","message":"::1 GET /api/v1/chapter/course/69c78a3fac0488fe6c376bdc 200 190 - 134.442 ms","service":"chapter-service","timestamp":"2026-03-28T15:15:49.917Z"}
{"level":"info","message":"::1 GET /api/v1/category/public/all?page=1&limit=100 200 2667 - 135.649 ms","service":"category-service","timestamp":"2026-03-28T15:15:49.920Z"}
{"level":"info","message":"::1 GET /api/v1/category/public/all?page=1&limit=100 200 2667 - 93.294 ms","service":"category-service","timestamp":"2026-03-28T15:15:55.165Z"}
{"level":"info","message":"::1 GET /api/v1/courseIntro/69c78a3fac0488fe6c376bdc 200 2041 - 91.925 ms","service":"courseIntro-service","timestamp":"2026-03-28T15:15:55.166Z"}
{"level":"info","message":"::1 GET /api/v1/chapter/course/69c78a3fac0488fe6c376bdc 200 190 - 94.412 ms","service":"chapter-service","timestamp":"2026-03-28T15:15:55.171Z"}
{"level":"info","message":"::1 GET /api/v1/category/public/all?page=1&limit=100 200 2667 - 89.436 ms","service":"category-service","timestamp":"2026-03-28T15:15:55.257Z"}
{"level":"info","message":"::1 GET /api/v1/courseIntro/69c78a3fac0488fe6c376bdc 200 2041 - 84.787 ms","service":"courseIntro-service","timestamp":"2026-03-28T15:15:55.258Z"}
{"level":"info","message":"::1 GET /api/v1/chapter/course/69c78a3fac0488fe6c376bdc 200 190 - 81.683 ms","service":"chapter-service","timestamp":"2026-03-28T15:15:55.259Z"}
{"level":"info","message":"::1 GET /api/v1/category/public/all?page=1&limit=100 200 2667 - 191.387 ms","service":"category-service","timestamp":"2026-03-28T15:16:13.890Z"}
{"level":"info","message":"::1 GET /api/v1/courseIntro/69c78a3fac0488fe6c376bdc 200 2041 - 191.784 ms","service":"courseIntro-service","timestamp":"2026-03-28T15:16:13.892Z"}
{"level":"info","message":"::1 GET /api/v1/chapter/course/69c78a3fac0488fe6c376bdc 200 190 - 189.146 ms","service":"chapter-service","timestamp":"2026-03-28T15:16:13.893Z"}
{"level":"info","message":"::1 GET /api/v1/chapter/course/69c78a3fac0488fe6c376bdc 200 190 - 74.109 ms","service":"chapter-service","timestamp":"2026-03-28T15:16:13.971Z"}
{"level":"info","message":"::1 GET /api/v1/courseIntro/69c78a3fac0488fe6c376bdc 200 2041 - 76.335 ms","service":"courseIntro-service","timestamp":"2026-03-28T15:16:13.972Z"}
{"level":"info","message":"::1 GET /api/v1/category/public/all?page=1&limit=100 200 2667 - 78.839 ms","service":"category-service","timestamp":"2026-03-28T15:16:13.972Z"}
{"level":"info","message":"::1 GET /api/v1/category/public/all?page=1&limit=100 200 2667 - 133.207 ms","service":"category-service","timestamp":"2026-03-28T15:16:15.825Z"}
{"level":"info","message":"::1 GET /api/v1/chapter/course/69c78a3fac0488fe6c376bdc 200 190 - 129.810 ms","service":"chapter-service","timestamp":"2026-03-28T15:16:15.826Z"}
{"level":"info","message":"::1 GET /api/v1/courseIntro/69c78a3fac0488fe6c376bdc 200 2041 - 132.870 ms","service":"courseIntro-service","timestamp":"2026-03-28T15:16:15.827Z"}
{"level":"info","message":"::1 GET /api/v1/category/public/all?page=1&limit=100 200 2667 - 98.267 ms","service":"category-service","timestamp":"2026-03-28T15:16:15.926Z"}
{"level":"info","message":"::1 GET /api/v1/chapter/course/69c78a3fac0488fe6c376bdc 200 190 - 97.760 ms","service":"chapter-service","timestamp":"2026-03-28T15:16:15.927Z"}
{"level":"info","message":"::1 GET /api/v1/courseIntro/69c78a3fac0488fe6c376bdc 200 2041 - 97.606 ms","service":"courseIntro-service","timestamp":"2026-03-28T15:16:15.927Z"}
{"level":"info","message":"::1 GET /api/v1/courseIntro/69c78a3fac0488fe6c376bdc 200 2041 - 129.143 ms","service":"courseIntro-service","timestamp":"2026-03-28T15:16:42.140Z"}
{"level":"info","message":"::1 GET /api/v1/chapter/course/69c78a3fac0488fe6c376bdc 200 190 - 127.965 ms","service":"chapter-service","timestamp":"2026-03-28T15:16:42.141Z"}
{"level":"info","message":"::1 GET /api/v1/category/public/all?page=1&limit=100 200 2667 - 135.633 ms","service":"category-service","timestamp":"2026-03-28T15:16:42.145Z"}
{"level":"info","message":"::1 GET /api/v1/courseIntro/69c78a3fac0488fe6c376bdc 200 2041 - 100.117 ms","service":"courseIntro-service","timestamp":"2026-03-28T15:16:42.243Z"}
{"level":"info","message":"::1 GET /api/v1/chapter/course/69c78a3fac0488fe6c376bdc 200 190 - 99.287 ms","service":"chapter-service","timestamp":"2026-03-28T15:16:42.245Z"}
{"level":"info","message":"::1 GET /api/v1/category/public/all?page=1&limit=100 200 2667 - 97.625 ms","service":"category-service","timestamp":"2026-03-28T15:16:42.247Z"}
{"level":"info","message":"::1 GET /api/v1/category/public/all?page=1&limit=100 200 2667 - 154.258 ms","service":"category-service","timestamp":"2026-03-28T15:17:14.200Z"}
{"level":"info","message":"::1 GET /api/v1/category/public/all?page=1&limit=100 200 2667 - 102.017 ms","service":"category-service","timestamp":"2026-03-28T15:17:14.304Z"}
{"level":"info","message":"::1 GET /api/v1/course/public/all?page=1&limit=12&categoryId=69c783faac0488fe6c376bc0 200 3147 - 258.258 ms","service":"course-service","timestamp":"2026-03-28T15:17:14.306Z"}
{"level":"info","message":"::1 GET /api/v1/course/public/all?page=1&limit=12&categoryId=69c783faac0488fe6c376bc0 200 3147 - 167.153 ms","service":"course-service","timestamp":"2026-03-28T15:17:14.475Z"}
{"level":"info","message":"::1 GET /api/v1/course/public/all?page=1&limit=12&categoryId=69c784fdac0488fe6c376bcc 200 3269 - 234.286 ms","service":"course-service","timestamp":"2026-03-28T15:17:17.787Z"}
{"level":"info","message":"::1 GET /api/v1/courseIntro/69c793c6ac0488fe6c376c0d 200 1894 - 84.151 ms","service":"courseIntro-service","timestamp":"2026-03-28T15:17:19.596Z"}
{"level":"info","message":"::1 GET /api/v1/chapter/course/69c793c6ac0488fe6c376c0d 200 4985 - 86.983 ms","service":"chapter-service","timestamp":"2026-03-28T15:17:19.600Z"}
{"level":"info","message":"::1 GET /api/v1/courseIntro/69c793c6ac0488fe6c376c0d 200 1894 - 107.787 ms","service":"courseIntro-service","timestamp":"2026-03-28T15:17:19.706Z"}
{"level":"info","message":"::1 GET /api/v1/chapter/course/69c793c6ac0488fe6c376c0d 200 4985 - 106.987 ms","service":"chapter-service","timestamp":"2026-03-28T15:17:19.709Z"}
{"level":"info","message":"::1 GET /api/v1/category/public/all?page=1&limit=100 401 1306 - 0.518 ms","service":"category-service","timestamp":"2026-03-28T15:42:21.641Z"}
{"level":"info","message":"::1 GET /api/v1/courseIntro/69c793c6ac0488fe6c376c0d 401 1306 - 0.232 ms","service":"courseIntro-service","timestamp":"2026-03-28T15:42:21.642Z"}
{"level":"info","message":"::1 GET /api/v1/chapter/course/69c793c6ac0488fe6c376c0d 401 1306 - 0.303 ms","service":"chapter-service","timestamp":"2026-03-28T15:42:21.643Z"}
{"level":"info","message":"::1 GET /api/v1/category/public/all?page=1&limit=100 401 1306 - 0.314 ms","service":"category-service","timestamp":"2026-03-28T15:42:21.645Z"}
{"level":"info","message":"::1 GET /api/v1/courseIntro/69c793c6ac0488fe6c376c0d 401 1306 - 0.270 ms","service":"courseIntro-service","timestamp":"2026-03-28T15:42:21.646Z"}
{"level":"info","message":"::1 GET /api/v1/chapter/course/69c793c6ac0488fe6c376c0d 401 1306 - 0.214 ms","service":"chapter-service","timestamp":"2026-03-28T15:42:21.647Z"}
{"level":"info","message":"::1 POST /api/v1/auth/refresh-token 200 168 - 306.842 ms","service":"auth-service","timestamp":"2026-03-28T15:42:21.989Z"}
{"level":"info","message":"::1 GET /api/v1/category/public/all?page=1&limit=100 200 2667 - 70.543 ms","service":"category-service","timestamp":"2026-03-28T15:42:22.063Z"}
{"level":"info","message":"::1 GET /api/v1/courseIntro/69c793c6ac0488fe6c376c0d 200 1894 - 72.829 ms","service":"courseIntro-service","timestamp":"2026-03-28T15:42:22.066Z"}
{"level":"info","message":"::1 GET /api/v1/chapter/course/69c793c6ac0488fe6c376c0d 200 4985 - 75.203 ms","service":"chapter-service","timestamp":"2026-03-28T15:42:22.070Z"}
{"level":"info","message":"::1 GET /api/v1/courseIntro/69c793c6ac0488fe6c376c0d 200 1894 - 75.199 ms","service":"courseIntro-service","timestamp":"2026-03-28T15:42:22.143Z"}
{"level":"info","message":"::1 GET /api/v1/category/public/all?page=1&limit=100 200 2667 - 81.580 ms","service":"category-service","timestamp":"2026-03-28T15:42:22.146Z"}
{"level":"info","message":"::1 GET /api/v1/chapter/course/69c793c6ac0488fe6c376c0d 200 4985 - 76.645 ms","service":"chapter-service","timestamp":"2026-03-28T15:42:22.147Z"}
{"level":"info","message":"::1 GET /api/v1/category/public/all?page=1&limit=100 200 2667 - 90.586 ms","service":"category-service","timestamp":"2026-03-28T15:50:11.889Z"}
{"level":"info","message":"::1 GET /api/v1/courseIntro/69c793c6ac0488fe6c376c0d 200 1894 - 90.657 ms","service":"courseIntro-service","timestamp":"2026-03-28T15:50:11.893Z"}
{"level":"info","message":"::1 GET /api/v1/review/69c793c6ac0488fe6c376c0d?page=1&limit=20&sort=newest 200 242 - 93.854 ms","service":"review-service","timestamp":"2026-03-28T15:50:11.895Z"}
{"level":"info","message":"::1 GET /api/v1/chapter/course/69c793c6ac0488fe6c376c0d 200 4985 - 101.558 ms","service":"chapter-service","timestamp":"2026-03-28T15:50:11.906Z"}
{"level":"info","message":"::1 GET /api/v1/category/public/all?page=1&limit=100 200 2667 - 77.829 ms","service":"category-service","timestamp":"2026-03-28T15:50:11.968Z"}
{"level":"info","message":"::1 GET /api/v1/courseIntro/69c793c6ac0488fe6c376c0d 200 1894 - 84.273 ms","service":"courseIntro-service","timestamp":"2026-03-28T15:50:11.980Z"}
{"level":"info","message":"::1 GET /api/v1/review/69c793c6ac0488fe6c376c0d?page=1&limit=20&sort=newest 200 242 - 83.022 ms","service":"review-service","timestamp":"2026-03-28T15:50:11.981Z"}
{"level":"info","message":"::1 GET /api/v1/chapter/course/69c793c6ac0488fe6c376c0d 200 4985 - 236.196 ms","service":"chapter-service","timestamp":"2026-03-28T15:50:12.144Z"}
{"level":"info","message":"::1 GET /api/v1/review/69c793c6ac0488fe6c376c0d?page=1&limit=20&sort=newest 200 242 - 182.268 ms","service":"review-service","timestamp":"2026-03-28T15:51:00.806Z"}
{"level":"info","message":"::1 GET /api/v1/review/69c793c6ac0488fe6c376c0d?page=1&limit=20&sort=newest 200 242 - 217.023 ms","service":"review-service","timestamp":"2026-03-28T15:51:03.775Z"}
{"level":"info","message":"::1 GET /api/v1/review/69c793c6ac0488fe6c376c0d?page=1&limit=20&sort=newest 200 242 - 73.707 ms","service":"review-service","timestamp":"2026-03-28T15:51:12.689Z"}
{"level":"info","message":"::1 GET /api/v1/review/69c793c6ac0488fe6c376c0d?page=1&limit=20&sort=newest 200 242 - 183.784 ms","service":"review-service","timestamp":"2026-03-28T15:53:37.783Z"}
{"level":"info","message":"::1 GET /api/v1/review/69c793c6ac0488fe6c376c0d?page=1&limit=20&sort=newest 200 242 - 220.436 ms","service":"review-service","timestamp":"2026-03-28T15:53:39.828Z"}
{"level":"info","message":"::1 GET /api/v1/review/69c793c6ac0488fe6c376c0d?page=1&limit=20&sort=newest 200 242 - 106.426 ms","service":"review-service","timestamp":"2026-03-28T15:53:41.710Z"}
{"level":"info","message":"::1 GET /api/v1/review/69c793c6ac0488fe6c376c0d?page=1&limit=20&sort=newest 200 242 - 150.314 ms","service":"review-service","timestamp":"2026-03-28T15:55:10.765Z"}
{"level":"info","message":"::1 GET /api/v1/review/69c793c6ac0488fe6c376c0d?page=1&limit=20&sort=newest 200 242 - 86.186 ms","service":"review-service","timestamp":"2026-03-28T15:55:13.694Z"}
{"level":"info","message":"::1 GET /api/v1/review/69c793c6ac0488fe6c376c0d?page=1&limit=20&sort=newest 200 242 - 75.621 ms","service":"review-service","timestamp":"2026-03-28T15:55:28.684Z"}
{"level":"info","message":"::1 GET /api/v1/review/69c793c6ac0488fe6c376c0d?page=1&limit=20&sort=newest 200 242 - 144.133 ms","service":"review-service","timestamp":"2026-03-28T15:55:55.764Z"}
{"level":"info","message":"::1 OPTIONS /api/v1/review/69c793c6ac0488fe6c376c0d 204 0 - 1.413 ms","service":"review-service","timestamp":"2026-03-28T15:56:23.611Z"}
{"level":"info","message":"::1 POST /api/v1/review/69c793c6ac0488fe6c376c0d 201 443 - 470.822 ms","service":"review-service","timestamp":"2026-03-28T15:56:24.083Z"}
{"level":"info","message":"::1 GET /api/v1/review/69c793c6ac0488fe6c376c0d?page=1&limit=20&sort=newest 200 661 - 309.678 ms","service":"review-service","timestamp":"2026-03-28T15:56:24.397Z"}
{"level":"info","message":"::1 OPTIONS /api/v1/review/69c7fa27718dcb35b9076355 204 0 - 0.093 ms","service":"review-service","timestamp":"2026-03-28T15:56:54.258Z"}
{"level":"info","message":"::1 PATCH /api/v1/review/69c7fa27718dcb35b9076355 200 423 - 542.648 ms","service":"review-service","timestamp":"2026-03-28T15:56:54.802Z"}
{"level":"info","message":"::1 GET /api/v1/review/69c793c6ac0488fe6c376c0d?page=1&limit=20&sort=newest 200 661 - 200.676 ms","service":"review-service","timestamp":"2026-03-28T15:56:55.009Z"}
{"level":"info","message":"::1 OPTIONS /api/v1/review/69c793c6ac0488fe6c376c0d 204 0 - 0.105 ms","service":"review-service","timestamp":"2026-03-28T15:57:02.243Z"}
{"level":"info","message":"::1 POST /api/v1/review/69c793c6ac0488fe6c376c0d 409 200 - 312.393 ms","service":"review-service","timestamp":"2026-03-28T15:57:02.557Z"}
{"level":"info","message":"::1 OPTIONS /api/v1/review/69c7fa27718dcb35b9076355/like 204 0 - 0.093 ms","service":"review-service","timestamp":"2026-03-28T15:57:21.120Z"}
{"level":"info","message":"::1 PATCH /api/v1/review/69c7fa27718dcb35b9076355/like 401 1285 - 1.143 ms","service":"review-service","timestamp":"2026-03-28T15:57:21.124Z"}
{"level":"info","message":"::1 POST /api/v1/auth/refresh-token 200 168 - 393.781 ms","service":"auth-service","timestamp":"2026-03-28T15:57:21.521Z"}
{"level":"info","message":"::1 PATCH /api/v1/review/69c7fa27718dcb35b9076355/like 200 177 - 106.513 ms","service":"review-service","timestamp":"2026-03-28T15:57:21.631Z"}
{"level":"info","message":"::1 OPTIONS /api/v1/review/69c7fa27718dcb35b9076355/like 204 0 - 0.195 ms","service":"review-service","timestamp":"2026-03-28T15:57:31.068Z"}
{"level":"info","message":"::1 PATCH /api/v1/review/69c7fa27718dcb35b9076355/like 200 177 - 184.056 ms","service":"review-service","timestamp":"2026-03-28T15:57:31.254Z"}
{"level":"info","message":"::1 PATCH /api/v1/review/69c7fa27718dcb35b9076355/like 200 177 - 87.123 ms","service":"review-service","timestamp":"2026-03-28T15:57:33.591Z"}
{"level":"info","message":"::1 PATCH /api/v1/review/69c7fa27718dcb35b9076355/like 200 177 - 148.889 ms","service":"review-service","timestamp":"2026-03-28T15:57:34.637Z"}
{"level":"info","message":"::1 PATCH /api/v1/review/69c7fa27718dcb35b9076355/like 200 177 - 200.711 ms","service":"review-service","timestamp":"2026-03-28T15:57:35.450Z"}
{"level":"info","message":"::1 OPTIONS /api/v1/review/69c7fa27718dcb35b9076355/like 204 0 - 0.093 ms","service":"review-service","timestamp":"2026-03-28T15:57:36.269Z"}
{"level":"info","message":"::1 PATCH /api/v1/review/69c7fa27718dcb35b9076355/like 200 177 - 203.598 ms","service":"review-service","timestamp":"2026-03-28T15:57:36.474Z"}
{"level":"info","message":"::1 OPTIONS /api/v1/review/69c7fa27718dcb35b9076355 204 0 - 0.090 ms","service":"review-service","timestamp":"2026-03-28T15:58:00.856Z"}
{"level":"info","message":"::1 PATCH /api/v1/review/69c7fa27718dcb35b9076355 200 427 - 704.937 ms","service":"review-service","timestamp":"2026-03-28T15:58:01.564Z"}
{"level":"info","message":"::1 GET /api/v1/review/69c793c6ac0488fe6c376c0d?page=1&limit=20&sort=newest 200 665 - 202.511 ms","service":"review-service","timestamp":"2026-03-28T15:58:01.771Z"}
{"level":"info","message":"::1 GET /api/v1/review/69c793c6ac0488fe6c376c0d?page=1&limit=20&sort=newest 200 665 - 232.591 ms","service":"review-service","timestamp":"2026-03-28T16:00:12.844Z"}
{"level":"info","message":"::1 GET /api/v1/review/69c793c6ac0488fe6c376c0d?page=1&limit=20&sort=newest 200 665 - 177.796 ms","service":"review-service","timestamp":"2026-03-28T16:00:24.788Z"}
{"level":"info","message":"::1 GET /api/v1/review/69c793c6ac0488fe6c376c0d?page=1&limit=20&sort=newest 200 665 - 233.186 ms","service":"review-service","timestamp":"2026-03-28T16:00:37.837Z"}
{"level":"info","message":"::1 GET /api/v1/review/69c793c6ac0488fe6c376c0d?page=1&limit=20&sort=newest 200 665 - 146.731 ms","service":"review-service","timestamp":"2026-03-28T16:00:51.756Z"}
{"level":"info","message":"::1 GET /api/v1/review/69c793c6ac0488fe6c376c0d?page=1&limit=20&sort=newest 200 665 - 272.174 ms","service":"review-service","timestamp":"2026-03-28T16:00:52.882Z"}
{"level":"info","message":"::1 GET /api/v1/review/69c793c6ac0488fe6c376c0d?page=1&limit=20&sort=newest 200 665 - 143.996 ms","service":"review-service","timestamp":"2026-03-28T16:01:14.754Z"}
{"level":"info","message":"::1 GET /api/v1/category/public/all?page=1&limit=100 200 2667 - 157.796 ms","service":"category-service","timestamp":"2026-03-28T16:01:42.799Z"}
{"level":"info","message":"::1 GET /api/v1/courseIntro/69c793c6ac0488fe6c376c0d 200 1894 - 156.179 ms","service":"courseIntro-service","timestamp":"2026-03-28T16:01:42.800Z"}
{"level":"info","message":"::1 GET /api/v1/chapter/course/69c793c6ac0488fe6c376c0d 200 4985 - 156.117 ms","service":"chapter-service","timestamp":"2026-03-28T16:01:42.801Z"}
{"level":"info","message":"::1 GET /api/v1/chapter/course/69c793c6ac0488fe6c376c0d 200 4985 - 141.036 ms","service":"chapter-service","timestamp":"2026-03-28T16:01:42.945Z"}
{"level":"info","message":"::1 GET /api/v1/category/public/all?page=1&limit=100 200 2667 - 144.252 ms","service":"category-service","timestamp":"2026-03-28T16:01:42.946Z"}
{"level":"info","message":"::1 GET /api/v1/courseIntro/69c793c6ac0488fe6c376c0d 200 1894 - 144.321 ms","service":"courseIntro-service","timestamp":"2026-03-28T16:01:42.947Z"}
{"level":"info","message":"::1 GET /api/v1/review/69c793c6ac0488fe6c376c0d?page=1&limit=20&sort=newest 200 665 - 305.891 ms","service":"review-service","timestamp":"2026-03-28T16:01:42.948Z"}
{"level":"info","message":"::1 GET /api/v1/review/69c793c6ac0488fe6c376c0d?page=1&limit=20&sort=newest 200 665 - 165.643 ms","service":"review-service","timestamp":"2026-03-28T16:01:43.116Z"}
{"level":"info","message":"::1 GET /api/v1/review/69c793c6ac0488fe6c376c0d?page=1&limit=20&sort=newest 200 665 - 419.189 ms","service":"review-service","timestamp":"2026-03-28T16:01:46.017Z"}
{"level":"info","message":"::1 GET /api/v1/review/69c793c6ac0488fe6c376c0d?page=1&limit=20&sort=newest 200 665 - 156.625 ms","service":"review-service","timestamp":"2026-03-28T16:02:15.768Z"}
{"level":"info","message":"::1 GET /api/v1/review/69c793c6ac0488fe6c376c0d?page=1&limit=20&sort=newest 200 665 - 174.571 ms","service":"review-service","timestamp":"2026-03-28T16:02:35.787Z"}
{"level":"info","message":"::1 GET /api/v1/review/69c793c6ac0488fe6c376c0d?page=1&limit=20&sort=newest 200 665 - 260.580 ms","service":"review-service","timestamp":"2026-03-28T16:02:38.869Z"}
{"level":"info","message":"::1 GET /api/v1/review/69c793c6ac0488fe6c376c0d?page=1&limit=20&sort=newest 200 665 - 190.709 ms","service":"review-service","timestamp":"2026-03-28T16:02:45.800Z"}
{"level":"info","message":"::1 GET /api/v1/review/69c793c6ac0488fe6c376c0d?page=1&limit=20&sort=newest 200 665 - 229.827 ms","service":"review-service","timestamp":"2026-03-28T16:02:57.679Z"}
{"level":"info","message":"::1 OPTIONS /api/v1/review/69c7fa27718dcb35b9076355 204 0 - 0.120 ms","service":"review-service","timestamp":"2026-03-28T16:06:32.622Z"}
{"level":"info","message":"::1 PATCH /api/v1/review/69c7fa27718dcb35b9076355 200 423 - 498.111 ms","service":"review-service","timestamp":"2026-03-28T16:06:33.122Z"}
{"level":"info","message":"::1 GET /api/v1/review/69c793c6ac0488fe6c376c0d?page=1&limit=20&sort=newest 200 661 - 236.672 ms","service":"review-service","timestamp":"2026-03-28T16:06:33.363Z"}
{"level":"info","message":"::1 GET /api/v1/category/public/all?page=1&limit=100 200 2667 - 78.230 ms","service":"category-service","timestamp":"2026-03-28T16:07:15.168Z"}
{"level":"info","message":"::1 GET /api/v1/course/public/all?page=1&limit=12&categoryId=69c784fdac0488fe6c376bcc 200 3269 - 156.510 ms","service":"course-service","timestamp":"2026-03-28T16:07:15.248Z"}
{"level":"info","message":"::1 GET /api/v1/category/public/all?page=1&limit=100 200 2667 - 85.704 ms","service":"category-service","timestamp":"2026-03-28T16:07:15.256Z"}
{"level":"info","message":"::1 GET /api/v1/course/public/all?page=1&limit=12&categoryId=69c784fdac0488fe6c376bcc 200 3269 - 301.063 ms","service":"course-service","timestamp":"2026-03-28T16:07:15.551Z"}
{"level":"info","message":"::1 GET /api/v1/courseIntro/69c79369ac0488fe6c376c09 200 1873 - 123.395 ms","service":"courseIntro-service","timestamp":"2026-03-28T16:07:17.804Z"}
{"level":"info","message":"::1 GET /api/v1/chapter/course/69c79369ac0488fe6c376c09 200 5240 - 123.671 ms","service":"chapter-service","timestamp":"2026-03-28T16:07:17.807Z"}
{"level":"info","message":"::1 GET /api/v1/review/69c79369ac0488fe6c376c09?page=1&limit=20&sort=newest 200 242 - 130.405 ms","service":"review-service","timestamp":"2026-03-28T16:07:17.809Z"}
{"level":"info","message":"::1 GET /api/v1/chapter/course/69c79369ac0488fe6c376c09 200 5240 - 95.777 ms","service":"chapter-service","timestamp":"2026-03-28T16:07:17.906Z"}
{"level":"info","message":"::1 GET /api/v1/courseIntro/69c79369ac0488fe6c376c09 200 1873 - 101.813 ms","service":"courseIntro-service","timestamp":"2026-03-28T16:07:17.908Z"}
{"level":"info","message":"::1 GET /api/v1/review/69c79369ac0488fe6c376c09?page=1&limit=20&sort=newest 200 242 - 96.590 ms","service":"review-service","timestamp":"2026-03-28T16:07:17.909Z"}
{"level":"info","message":"::1 GET /api/v1/category/public/all?page=1&limit=100 200 2667 - 153.513 ms","service":"category-service","timestamp":"2026-03-28T16:07:28.455Z"}
{"level":"info","message":"::1 GET /api/v1/course/public/all?page=1&limit=12&categoryId=69c784fdac0488fe6c376bcc 200 3269 - 223.431 ms","service":"course-service","timestamp":"2026-03-28T16:07:28.526Z"}
{"level":"info","message":"::1 GET /api/v1/category/public/all?page=1&limit=100 200 2667 - 88.936 ms","service":"category-service","timestamp":"2026-03-28T16:07:28.547Z"}
{"level":"info","message":"::1 GET /api/v1/course/public/all?page=1&limit=12&categoryId=69c784fdac0488fe6c376bcc 200 3269 - 145.576 ms","service":"course-service","timestamp":"2026-03-28T16:07:28.673Z"}
{"level":"info","message":"::1 GET /api/v1/review/69c79314ac0488fe6c376c05?page=1&limit=20&sort=newest 200 242 - 197.514 ms","service":"review-service","timestamp":"2026-03-28T16:07:36.854Z"}
{"level":"info","message":"::1 GET /api/v1/courseIntro/69c79314ac0488fe6c376c05 200 1875 - 196.991 ms","service":"courseIntro-service","timestamp":"2026-03-28T16:07:36.855Z"}
{"level":"info","message":"::1 GET /api/v1/chapter/course/69c79314ac0488fe6c376c05 200 5284 - 195.329 ms","service":"chapter-service","timestamp":"2026-03-28T16:07:36.856Z"}
{"level":"info","message":"::1 GET /api/v1/chapter/course/69c79314ac0488fe6c376c05 200 5284 - 96.680 ms","service":"chapter-service","timestamp":"2026-03-28T16:07:36.958Z"}
{"level":"info","message":"::1 GET /api/v1/courseIntro/69c79314ac0488fe6c376c05 200 1875 - 98.855 ms","service":"courseIntro-service","timestamp":"2026-03-28T16:07:36.959Z"}
{"level":"info","message":"::1 GET /api/v1/review/69c79314ac0488fe6c376c05?page=1&limit=20&sort=newest 200 242 - 101.955 ms","service":"review-service","timestamp":"2026-03-28T16:07:36.960Z"}
{"level":"info","message":"::1 GET /api/v1/category/public/all?page=1&limit=100 200 2667 - 97.227 ms","service":"category-service","timestamp":"2026-03-28T16:07:42.386Z"}
{"level":"info","message":"::1 GET /api/v1/course/public/all?page=1&limit=12&categoryId=69c784fdac0488fe6c376bcc 200 3269 - 194.743 ms","service":"course-service","timestamp":"2026-03-28T16:07:42.485Z"}
{"level":"info","message":"::1 GET /api/v1/category/public/all?page=1&limit=100 200 2667 - 98.658 ms","service":"category-service","timestamp":"2026-03-28T16:07:42.486Z"}
{"level":"info","message":"::1 GET /api/v1/course/public/all?page=1&limit=12&categoryId=69c784fdac0488fe6c376bcc 200 3269 - 155.661 ms","service":"course-service","timestamp":"2026-03-28T16:07:42.644Z"}
{"level":"info","message":"::1 GET /api/v1/courseIntro/69c792caac0488fe6c376c01 200 1915 - 77.277 ms","service":"courseIntro-service","timestamp":"2026-03-28T16:07:44.192Z"}
{"level":"info","message":"::1 GET /api/v1/chapter/course/69c792caac0488fe6c376c01 200 5450 - 77.243 ms","service":"chapter-service","timestamp":"2026-03-28T16:07:44.194Z"}
{"level":"info","message":"::1 GET /api/v1/review/69c792caac0488fe6c376c01?page=1&limit=20&sort=newest 200 242 - 84.793 ms","service":"review-service","timestamp":"2026-03-28T16:07:44.197Z"}
{"level":"info","message":"::1 GET /api/v1/courseIntro/69c792caac0488fe6c376c01 200 1915 - 80.281 ms","service":"courseIntro-service","timestamp":"2026-03-28T16:07:44.275Z"}
{"level":"info","message":"::1 GET /api/v1/chapter/course/69c792caac0488fe6c376c01 200 5450 - 96.459 ms","service":"chapter-service","timestamp":"2026-03-28T16:07:44.295Z"}
{"level":"info","message":"::1 GET /api/v1/review/69c792caac0488fe6c376c01?page=1&limit=20&sort=newest 200 242 - 95.949 ms","service":"review-service","timestamp":"2026-03-28T16:07:44.297Z"}
{"level":"info","message":"::1 GET /api/v1/category/public/all?page=1&limit=100 200 2667 - 76.700 ms","service":"category-service","timestamp":"2026-03-28T16:07:50.093Z"}
{"level":"info","message":"::1 GET /api/v1/category/public/all?page=1&limit=100 200 2667 - 174.129 ms","service":"category-service","timestamp":"2026-03-28T16:07:50.269Z"}
{"level":"info","message":"::1 GET /api/v1/course/public/all?page=1&limit=12&categoryId=69c784fdac0488fe6c376bcc 200 3269 - 251.875 ms","service":"course-service","timestamp":"2026-03-28T16:07:50.270Z"}
{"level":"info","message":"::1 GET /api/v1/course/public/all?page=1&limit=12&categoryId=69c784fdac0488fe6c376bcc 200 3269 - 163.097 ms","service":"course-service","timestamp":"2026-03-28T16:07:50.435Z"}
{"level":"info","message":"::1 GET /api/v1/course/public/all?page=1&limit=12&type=theory&categoryId=69c784fdac0488fe6c376bcc 200 1737 - 218.394 ms","service":"course-service","timestamp":"2026-03-28T16:07:56.822Z"}
{"level":"info","message":"::1 POST /api/v1/auth/login 200 378 - 632.293 ms","service":"auth-service","timestamp":"2026-03-28T16:17:19.321Z"}
{"level":"info","message":"::1 POST /api/v1/auth/login 200 378 - 811.676 ms","service":"auth-service","timestamp":"2026-03-28T16:21:52.817Z"}
{"level":"info","message":"::1 GET /api/v1/review/69c79314ac0488fe6c376c05?page=1&limit=20&sort=newest 401 1306 - 1.195 ms","service":"review-service","timestamp":"2026-03-28T16:44:10.228Z"}
{"level":"info","message":"::1 GET /api/v1/courseIntro/69c79314ac0488fe6c376c05 401 1306 - 0.646 ms","service":"courseIntro-service","timestamp":"2026-03-28T16:44:10.232Z"}
{"level":"info","message":"::1 GET /api/v1/review/69c79314ac0488fe6c376c05?page=1&limit=20&sort=newest 401 1306 - 0.319 ms","service":"review-service","timestamp":"2026-03-28T16:44:10.233Z"}
{"level":"info","message":"::1 GET /api/v1/chapter/course/69c79314ac0488fe6c376c05 401 1306 - 0.902 ms","service":"chapter-service","timestamp":"2026-03-28T16:44:10.236Z"}
{"level":"info","message":"::1 GET /api/v1/courseIntro/69c79314ac0488fe6c376c05 401 1306 - 0.585 ms","service":"courseIntro-service","timestamp":"2026-03-28T16:44:10.238Z"}
{"level":"info","message":"::1 GET /api/v1/chapter/course/69c79314ac0488fe6c376c05 401 1306 - 0.472 ms","service":"chapter-service","timestamp":"2026-03-28T16:44:10.241Z"}
{"level":"info","message":"::1 POST /api/v1/auth/refresh-token 200 168 - 337.657 ms","service":"auth-service","timestamp":"2026-03-28T16:44:10.577Z"}
{"level":"info","message":"::1 GET /api/v1/review/69c79314ac0488fe6c376c05?page=1&limit=20&sort=newest 200 242 - 94.524 ms","service":"review-service","timestamp":"2026-03-28T16:44:10.677Z"}
{"level":"info","message":"::1 GET /api/v1/chapter/course/69c79314ac0488fe6c376c05 200 5284 - 95.609 ms","service":"chapter-service","timestamp":"2026-03-28T16:44:10.682Z"}
{"level":"info","message":"::1 GET /api/v1/courseIntro/69c79314ac0488fe6c376c05 200 1875 - 98.843 ms","service":"courseIntro-service","timestamp":"2026-03-28T16:44:10.683Z"}
{"level":"info","message":"::1 GET /api/v1/review/69c79314ac0488fe6c376c05?page=1&limit=20&sort=newest 200 242 - 84.208 ms","service":"review-service","timestamp":"2026-03-28T16:44:10.764Z"}
{"level":"info","message":"::1 GET /api/v1/chapter/course/69c79314ac0488fe6c376c05 200 5284 - 82.054 ms","service":"chapter-service","timestamp":"2026-03-28T16:44:10.767Z"}
{"level":"info","message":"::1 GET /api/v1/courseIntro/69c79314ac0488fe6c376c05 200 1875 - 80.438 ms","service":"courseIntro-service","timestamp":"2026-03-28T16:44:10.768Z"}
{"level":"info","message":"::1 GET /api/v1/content/chapter/69c7e03a838d47af1a10cbcc?page=1&limit=10 200 3526 - 103.360 ms","service":"content-service","timestamp":"2026-03-28T16:44:13.070Z"}
{"level":"info","message":"::1 GET /api/v1/review/69c79314ac0488fe6c376c05?page=1&limit=20&sort=newest 200 242 - 101.002 ms","service":"review-service","timestamp":"2026-03-28T16:44:24.272Z"}
{"level":"info","message":"::1 GET /api/v1/chapter/course/69c79314ac0488fe6c376c05 200 5284 - 98.899 ms","service":"chapter-service","timestamp":"2026-03-28T16:44:24.275Z"}
{"level":"info","message":"::1 GET /api/v1/courseIntro/69c79314ac0488fe6c376c05 200 1875 - 105.990 ms","service":"courseIntro-service","timestamp":"2026-03-28T16:44:24.279Z"}
{"level":"info","message":"::1 GET /api/v1/review/69c79314ac0488fe6c376c05?page=1&limit=20&sort=newest 200 242 - 82.450 ms","service":"review-service","timestamp":"2026-03-28T16:44:24.360Z"}
{"level":"info","message":"::1 GET /api/v1/courseIntro/69c79314ac0488fe6c376c05 200 1875 - 93.865 ms","service":"courseIntro-service","timestamp":"2026-03-28T16:44:24.378Z"}
{"level":"info","message":"::1 GET /api/v1/chapter/course/69c79314ac0488fe6c376c05 200 5284 - 98.588 ms","service":"chapter-service","timestamp":"2026-03-28T16:44:24.381Z"}
{"level":"info","message":"::1 GET /api/v1/content/chapter/69c7e03a838d47af1a10cbcc?page=1&limit=10 200 3526 - 179.972 ms","service":"content-service","timestamp":"2026-03-28T16:44:27.883Z"}
{"level":"info","message":"::1 GET /api/v1/content/chapter/69c7e03a838d47af1a10cbcc?page=1&limit=10 200 3526 - 90.397 ms","service":"content-service","timestamp":"2026-03-28T16:46:50.729Z"}
{"level":"info","message":"::1 GET /api/v1/category/public/all?page=1&limit=100 200 2667 - 408.107 ms","service":"category-service","timestamp":"2026-03-28T16:51:28.519Z"}
{"level":"info","message":"::1 GET /api/v1/category/public/all?page=1&limit=100 200 2667 - 123.792 ms","service":"category-service","timestamp":"2026-03-28T16:51:28.645Z"}
{"level":"info","message":"::1 GET /api/v1/category/public/all?page=1&limit=100 200 2667 - 159.540 ms","service":"category-service","timestamp":"2026-03-28T16:51:42.879Z"}
{"level":"info","message":"::1 GET /api/v1/category/public/all?page=1&limit=100 200 2667 - 101.846 ms","service":"category-service","timestamp":"2026-03-28T16:51:42.982Z"}
{"level":"info","message":"::1 GET /api/v1/review/69c79314ac0488fe6c376c05?page=1&limit=20&sort=newest 200 242 - 181.798 ms","service":"review-service","timestamp":"2026-03-28T16:51:44.618Z"}
{"level":"info","message":"::1 GET /api/v1/chapter/course/69c79314ac0488fe6c376c05 200 5284 - 178.679 ms","service":"chapter-service","timestamp":"2026-03-28T16:51:44.620Z"}
{"level":"info","message":"::1 GET /api/v1/courseIntro/69c79314ac0488fe6c376c05 200 1875 - 184.846 ms","service":"courseIntro-service","timestamp":"2026-03-28T16:51:44.622Z"}
{"level":"info","message":"::1 GET /api/v1/review/69c79314ac0488fe6c376c05?page=1&limit=20&sort=newest 200 242 - 98.183 ms","service":"review-service","timestamp":"2026-03-28T16:51:44.719Z"}
{"level":"info","message":"::1 GET /api/v1/chapter/course/69c79314ac0488fe6c376c05 200 5284 - 97.515 ms","service":"chapter-service","timestamp":"2026-03-28T16:51:44.722Z"}
{"level":"info","message":"::1 GET /api/v1/courseIntro/69c79314ac0488fe6c376c05 200 1875 - 97.309 ms","service":"courseIntro-service","timestamp":"2026-03-28T16:51:44.724Z"}
{"level":"info","message":"::1 GET /api/v1/content/chapter/69c7e03a838d47af1a10cbcc?page=1&limit=10 200 3526 - 82.454 ms","service":"content-service","timestamp":"2026-03-28T16:51:46.894Z"}
{"level":"info","message":"::1 GET /api/v1/category/public/all?page=1&limit=100 200 2667 - 112.174 ms","service":"category-service","timestamp":"2026-03-28T16:51:59.363Z"}
{"level":"info","message":"::1 GET /api/v1/category/public/all?page=1&limit=100 200 2667 - 76.910 ms","service":"category-service","timestamp":"2026-03-28T16:51:59.442Z"}
{"level":"info","message":"::1 GET /api/v1/category/public/all?page=1&limit=100 200 2667 - 448.897 ms","service":"category-service","timestamp":"2026-03-28T16:52:21.174Z"}
{"level":"info","message":"::1 GET /api/v1/category/public/all?page=1&limit=100 200 2667 - 103.036 ms","service":"category-service","timestamp":"2026-03-28T16:52:21.280Z"}
{"level":"info","message":"::1 GET /api/v1/chapter/course/69c79314ac0488fe6c376c05 200 5284 - 227.192 ms","service":"chapter-service","timestamp":"2026-03-28T16:53:36.846Z"}
{"level":"info","message":"::1 GET /api/v1/content/69c80024f8c24f9d7104b3a5 200 3487 - 227.954 ms","service":"content-service","timestamp":"2026-03-28T16:53:36.848Z"}
{"level":"info","message":"::1 GET /api/v1/content/69c80024f8c24f9d7104b3a5 200 3487 - 102.826 ms","service":"content-service","timestamp":"2026-03-28T16:53:52.720Z"}
{"level":"info","message":"::1 GET /api/v1/chapter/course/69c79314ac0488fe6c376c05 200 5284 - 105.103 ms","service":"chapter-service","timestamp":"2026-03-28T16:53:52.721Z"}
{"level":"info","message":"::1 GET /api/v1/content/69c80024f8c24f9d7104b3a5 200 3487 - 121.576 ms","service":"content-service","timestamp":"2026-03-28T16:54:01.730Z"}
{"level":"info","message":"::1 GET /api/v1/chapter/course/69c79314ac0488fe6c376c05 200 5284 - 123.597 ms","service":"chapter-service","timestamp":"2026-03-28T16:54:01.731Z"}
{"level":"info","message":"::1 GET /api/v1/chapter/course/69c79314ac0488fe6c376c05 200 5284 - 114.391 ms","service":"chapter-service","timestamp":"2026-03-28T16:56:17.717Z"}
{"level":"info","message":"::1 GET /api/v1/content/69c80024f8c24f9d7104b3a5 200 3487 - 114.165 ms","service":"content-service","timestamp":"2026-03-28T16:56:17.719Z"}
{"level":"info","message":"::1 GET /api/v1/category/public/all?page=1&limit=100 200 2667 - 153.643 ms","service":"category-service","timestamp":"2026-03-28T16:57:10.930Z"}
{"level":"info","message":"::1 GET /api/v1/chapter/course/69c79314ac0488fe6c376c05 200 5284 - 154.641 ms","service":"chapter-service","timestamp":"2026-03-28T16:57:10.934Z"}
{"level":"info","message":"::1 GET /api/v1/content/69c80024f8c24f9d7104b3a5 200 3487 - 153.180 ms","service":"content-service","timestamp":"2026-03-28T16:57:10.935Z"}
{"level":"info","message":"::1 GET /api/v1/chapter/course/69c79314ac0488fe6c376c05 200 5284 - 160.612 ms","service":"chapter-service","timestamp":"2026-03-28T16:57:11.099Z"}
{"level":"info","message":"::1 GET /api/v1/category/public/all?page=1&limit=100 200 2667 - 169.462 ms","service":"category-service","timestamp":"2026-03-28T16:57:11.101Z"}
{"level":"info","message":"::1 GET /api/v1/content/69c80024f8c24f9d7104b3a5 200 3487 - 161.507 ms","service":"content-service","timestamp":"2026-03-28T16:57:11.103Z"}
{"level":"info","message":"::1 GET /api/v1/category/public/all?page=1&limit=100 401 1306 - 0.614 ms","service":"category-service","timestamp":"2026-03-28T17:03:32.715Z"}
{"level":"info","message":"::1 GET /api/v1/chapter/course/69c79314ac0488fe6c376c05 401 1306 - 0.398 ms","service":"chapter-service","timestamp":"2026-03-28T17:03:32.717Z"}
{"level":"info","message":"::1 GET /api/v1/content/69c80024f8c24f9d7104b3a5 401 1306 - 0.354 ms","service":"content-service","timestamp":"2026-03-28T17:03:32.719Z"}
{"level":"info","message":"::1 GET /api/v1/category/public/all?page=1&limit=100 401 1306 - 0.311 ms","service":"category-service","timestamp":"2026-03-28T17:03:32.727Z"}
{"level":"info","message":"::1 GET /api/v1/chapter/course/69c79314ac0488fe6c376c05 401 1306 - 0.378 ms","service":"chapter-service","timestamp":"2026-03-28T17:03:32.730Z"}
{"level":"info","message":"::1 GET /api/v1/content/69c80024f8c24f9d7104b3a5 401 1306 - 0.334 ms","service":"content-service","timestamp":"2026-03-28T17:03:32.732Z"}
{"level":"info","message":"::1 POST /api/v1/auth/refresh-token 200 168 - 462.965 ms","service":"auth-service","timestamp":"2026-03-28T17:03:33.228Z"}
{"level":"info","message":"::1 GET /api/v1/category/public/all?page=1&limit=100 200 2667 - 94.885 ms","service":"category-service","timestamp":"2026-03-28T17:03:33.329Z"}
{"level":"info","message":"::1 GET /api/v1/content/69c80024f8c24f9d7104b3a5 200 3487 - 92.557 ms","service":"content-service","timestamp":"2026-03-28T17:03:33.330Z"}
{"level":"info","message":"::1 GET /api/v1/chapter/course/69c79314ac0488fe6c376c05 200 5284 - 102.892 ms","service":"chapter-service","timestamp":"2026-03-28T17:03:33.339Z"}
{"level":"info","message":"::1 GET /api/v1/content/69c80024f8c24f9d7104b3a5 200 3487 - 98.384 ms","service":"content-service","timestamp":"2026-03-28T17:03:33.432Z"}
{"level":"info","message":"::1 GET /api/v1/chapter/course/69c79314ac0488fe6c376c05 200 5284 - 92.234 ms","service":"chapter-service","timestamp":"2026-03-28T17:03:33.433Z"}
{"level":"info","message":"::1 GET /api/v1/category/public/all?page=1&limit=100 200 2667 - 103.058 ms","service":"category-service","timestamp":"2026-03-28T17:03:33.434Z"}
{"level":"info","message":"::1 GET /api/v1/chapter/course/69c79314ac0488fe6c376c05 200 5284 - 107.057 ms","service":"chapter-service","timestamp":"2026-03-28T17:03:34.797Z"}
{"level":"info","message":"::1 GET /api/v1/category/public/all?page=1&limit=100 200 2667 - 110.931 ms","service":"category-service","timestamp":"2026-03-28T17:03:34.799Z"}
{"level":"info","message":"::1 GET /api/v1/content/69c80024f8c24f9d7104b3a5 200 3487 - 110.057 ms","service":"content-service","timestamp":"2026-03-28T17:03:34.801Z"}
{"level":"info","message":"::1 GET /api/v1/chapter/course/69c79314ac0488fe6c376c05 200 5284 - 79.318 ms","service":"chapter-service","timestamp":"2026-03-28T17:03:34.879Z"}
{"level":"info","message":"::1 GET /api/v1/category/public/all?page=1&limit=100 200 2667 - 91.945 ms","service":"category-service","timestamp":"2026-03-28T17:03:34.894Z"}
{"level":"info","message":"::1 GET /api/v1/content/69c80024f8c24f9d7104b3a5 200 3487 - 93.476 ms","service":"content-service","timestamp":"2026-03-28T17:03:34.897Z"}
{"level":"info","message":"::1 GET /api/v1/category/public/all?page=1&limit=100 200 2667 - 108.550 ms","service":"category-service","timestamp":"2026-03-28T17:06:20.347Z"}
{"level":"info","message":"::1 GET /api/v1/chapter/course/69c79314ac0488fe6c376c05 200 5284 - 107.615 ms","service":"chapter-service","timestamp":"2026-03-28T17:06:20.349Z"}
{"level":"info","message":"::1 GET /api/v1/content/69c80024f8c24f9d7104b3a5 200 3487 - 110.597 ms","service":"content-service","timestamp":"2026-03-28T17:06:20.354Z"}
{"level":"info","message":"::1 GET /api/v1/category/public/all?page=1&limit=100 200 2667 - 100.768 ms","service":"category-service","timestamp":"2026-03-28T17:06:20.451Z"}
{"level":"info","message":"::1 GET /api/v1/chapter/course/69c79314ac0488fe6c376c05 200 5284 - 96.854 ms","service":"chapter-service","timestamp":"2026-03-28T17:06:20.453Z"}
{"level":"info","message":"::1 GET /api/v1/content/69c80024f8c24f9d7104b3a5 200 3487 - 95.260 ms","service":"content-service","timestamp":"2026-03-28T17:06:20.456Z"}
{"level":"info","message":"::1 GET /api/v1/category/public/all?page=1&limit=100 200 2667 - 160.219 ms","service":"category-service","timestamp":"2026-03-28T17:07:13.902Z"}
{"level":"info","message":"::1 GET /api/v1/course/public/all?page=1&limit=8 200 6204 - 262.930 ms","service":"course-service","timestamp":"2026-03-28T17:07:14.006Z"}
{"level":"info","message":"::1 GET /api/v1/category/public/all?page=1&limit=100 200 2667 - 104.302 ms","service":"category-service","timestamp":"2026-03-28T17:07:14.007Z"}
{"level":"info","message":"::1 GET /api/v1/course/public/all?page=1&limit=8 200 6204 - 168.297 ms","service":"course-service","timestamp":"2026-03-28T17:07:14.177Z"}
{"level":"info","message":"::1 GET /api/v1/category/public/all?page=1&limit=100 200 2667 - 134.417 ms","service":"category-service","timestamp":"2026-03-28T17:07:24.859Z"}
{"level":"info","message":"::1 GET /api/v1/course/public/all?page=1&limit=12&categoryId=69c7846aac0488fe6c376bc3 200 2602 - 231.888 ms","service":"course-service","timestamp":"2026-03-28T17:07:24.959Z"}
{"level":"info","message":"::1 GET /api/v1/category/public/all?page=1&limit=100 200 2667 - 100.437 ms","service":"category-service","timestamp":"2026-03-28T17:07:24.961Z"}
{"level":"info","message":"::1 GET /api/v1/course/public/all?page=1&limit=12&categoryId=69c7846aac0488fe6c376bc3 200 2602 - 202.494 ms","service":"course-service","timestamp":"2026-03-28T17:07:25.165Z"}
{"level":"info","message":"::1 GET /api/v1/course/public/all?page=1&limit=12&categoryId=69c784fdac0488fe6c376bcc 200 3269 - 365.547 ms","service":"course-service","timestamp":"2026-03-28T17:07:31.514Z"}
{"level":"info","message":"::1 GET /api/v1/chapter/course/69c792caac0488fe6c376c01 200 5450 - 142.695 ms","service":"chapter-service","timestamp":"2026-03-28T17:07:34.995Z"}
{"level":"info","message":"::1 GET /api/v1/courseIntro/69c792caac0488fe6c376c01 200 1915 - 146.192 ms","service":"courseIntro-service","timestamp":"2026-03-28T17:07:34.996Z"}
{"level":"info","message":"::1 GET /api/v1/review/69c792caac0488fe6c376c01?page=1&limit=20&sort=newest 200 242 - 148.788 ms","service":"review-service","timestamp":"2026-03-28T17:07:34.996Z"}
{"level":"info","message":"::1 GET /api/v1/chapter/course/69c792caac0488fe6c376c01 200 5450 - 82.247 ms","service":"chapter-service","timestamp":"2026-03-28T17:07:35.080Z"}
{"level":"info","message":"::1 GET /api/v1/courseIntro/69c792caac0488fe6c376c01 200 1915 - 83.475 ms","service":"courseIntro-service","timestamp":"2026-03-28T17:07:35.084Z"}
{"level":"info","message":"::1 GET /api/v1/review/69c792caac0488fe6c376c01?page=1&limit=20&sort=newest 200 242 - 94.947 ms","service":"review-service","timestamp":"2026-03-28T17:07:35.097Z"}
{"level":"info","message":"::1 GET /api/v1/content/chapter/69c7e077dd690ea89c86bf4a?page=1&limit=10 200 4378 - 125.865 ms","service":"content-service","timestamp":"2026-03-28T17:07:38.579Z"}
{"level":"info","message":"::1 GET /api/v1/chapter/course/69c792caac0488fe6c376c01 200 5450 - 80.891 ms","service":"chapter-service","timestamp":"2026-03-28T17:07:47.886Z"}
{"level":"info","message":"::1 GET /api/v1/content/69c800c9f8c24f9d7104b3aa 200 4339 - 97.769 ms","service":"content-service","timestamp":"2026-03-28T17:07:47.904Z"}
{"level":"info","message":"::1 GET /api/v1/chapter/course/69c792caac0488fe6c376c01 200 5450 - 103.067 ms","service":"chapter-service","timestamp":"2026-03-28T17:07:47.992Z"}
{"level":"info","message":"::1 GET /api/v1/content/69c800c9f8c24f9d7104b3aa 200 4339 - 93.382 ms","service":"content-service","timestamp":"2026-03-28T17:07:47.999Z"}
{"level":"info","message":"::1 GET /api/v1/category/public/all?page=1&limit=100 200 2667 - 83.847 ms","service":"category-service","timestamp":"2026-03-28T17:09:12.787Z"}
{"level":"info","message":"::1 GET /api/v1/chapter/course/69c792caac0488fe6c376c01 200 5450 - 84.198 ms","service":"chapter-service","timestamp":"2026-03-28T17:09:12.790Z"}
{"level":"info","message":"::1 GET /api/v1/content/69c800c9f8c24f9d7104b3aa 200 4339 - 83.921 ms","service":"content-service","timestamp":"2026-03-28T17:09:12.793Z"}
{"level":"info","message":"::1 GET /api/v1/category/public/all?page=1&limit=100 200 2667 - 103.040 ms","service":"category-service","timestamp":"2026-03-28T17:09:12.891Z"}
{"level":"info","message":"::1 GET /api/v1/content/69c800c9f8c24f9d7104b3aa 200 4339 - 93.159 ms","service":"content-service","timestamp":"2026-03-28T17:09:12.892Z"}
{"level":"info","message":"::1 GET /api/v1/chapter/course/69c792caac0488fe6c376c01 200 5450 - 98.068 ms","service":"chapter-service","timestamp":"2026-03-28T17:09:12.893Z"}
{"level":"info","message":"::1 GET /api/v1/chapter/course/69c792caac0488fe6c376c01 200 5450 - 95.209 ms","service":"chapter-service","timestamp":"2026-03-28T17:09:27.147Z"}
{"level":"info","message":"::1 GET /api/v1/review/69c792caac0488fe6c376c01?page=1&limit=20&sort=newest 200 242 - 101.864 ms","service":"review-service","timestamp":"2026-03-28T17:09:27.150Z"}
{"level":"info","message":"::1 GET /api/v1/courseIntro/69c792caac0488fe6c376c01 200 1915 - 101.538 ms","service":"courseIntro-service","timestamp":"2026-03-28T17:09:27.152Z"}
{"level":"info","message":"::1 GET /api/v1/chapter/course/69c792caac0488fe6c376c01 200 5450 - 83.151 ms","service":"chapter-service","timestamp":"2026-03-28T17:09:27.236Z"}
{"level":"info","message":"::1 GET /api/v1/courseIntro/69c792caac0488fe6c376c01 200 1915 - 85.696 ms","service":"courseIntro-service","timestamp":"2026-03-28T17:09:27.243Z"}
{"level":"info","message":"::1 GET /api/v1/review/69c792caac0488fe6c376c01?page=1&limit=20&sort=newest 200 242 - 89.478 ms","service":"review-service","timestamp":"2026-03-28T17:09:27.245Z"}
{"level":"info","message":"::1 GET /api/v1/content/chapter/69c7e077dd690ea89c86bf4a?page=1&limit=10 200 4378 - 115.413 ms","service":"content-service","timestamp":"2026-03-28T17:09:29.991Z"}
{"level":"info","message":"::1 GET /api/v1/content/69c800c9f8c24f9d7104b3aa 200 4339 - 126.881 ms","service":"content-service","timestamp":"2026-03-28T17:09:41.767Z"}
{"level":"info","message":"::1 GET /api/v1/chapter/course/69c792caac0488fe6c376c01 200 5450 - 129.620 ms","service":"chapter-service","timestamp":"2026-03-28T17:09:41.767Z"}
{"level":"info","message":"::1 GET /api/v1/chapter/course/69c792caac0488fe6c376c01 200 5450 - 201.323 ms","service":"chapter-service","timestamp":"2026-03-28T17:09:41.971Z"}
{"level":"info","message":"::1 GET /api/v1/content/69c800c9f8c24f9d7104b3aa 200 4339 - 203.414 ms","service":"content-service","timestamp":"2026-03-28T17:09:41.972Z"}
