{"level":"info","message":"::1 GET /api/v1/category/public/all?page=1&limit=100 401 1306 - 0.702 ms","service":"category-service","timestamp":"2026-06-12T18:42:34.370Z"}
{"level":"info","message":"::1 GET /api/v1/category/public/all?page=1&limit=100 401 1306 - 0.998 ms","service":"category-service","timestamp":"2026-06-12T18:42:34.383Z"}
{"level":"info","message":"::1 GET /api/v1/course/public/all?page=1&limit=12&categoryId=69c784fdac0488fe6c376bcc 401 1306 - 0.552 ms","service":"course-service","timestamp":"2026-06-12T18:42:34.387Z"}
{"level":"info","message":"::1 GET /api/v1/course/public/all?page=1&limit=12&categoryId=69c784fdac0488fe6c376bcc 401 1306 - 0.705 ms","service":"course-service","timestamp":"2026-06-12T18:42:34.394Z"}
{"level":"info","message":"::1 POST /api/v1/auth/refresh-token 200 168 - 554.475 ms","service":"auth-service","timestamp":"2026-06-12T18:42:34.944Z"}
{"level":"info","message":"::1 GET /api/v1/course/public/all?page=1&limit=12&categoryId=69c784fdac0488fe6c376bcc 200 3269 - 274.907 ms","service":"course-service","timestamp":"2026-06-12T18:42:35.229Z"}
{"level":"info","message":"::1 GET /api/v1/category/public/all?page=1&limit=100 200 2892 - 480.937 ms","service":"category-service","timestamp":"2026-06-12T18:42:35.433Z"}
{"level":"info","message":"::1 GET /api/v1/course/public/all?page=1&limit=12&categoryId=69c784fdac0488fe6c376bcc 200 3269 - 228.579 ms","service":"course-service","timestamp":"2026-06-12T18:42:35.461Z"}
{"level":"info","message":"::1 GET /api/v1/category/public/all?page=1&limit=100 200 2892 - 38.236 ms","service":"category-service","timestamp":"2026-06-12T18:42:35.473Z"}
{"level":"info","message":"::1 GET /api/v1/chapter/course/69c792caac0488fe6c376c01 200 5450 - 72.855 ms","service":"chapter-service","timestamp":"2026-06-12T18:42:37.598Z"}
{"level":"info","message":"::1 GET /api/v1/courseIntro/69c792caac0488fe6c376c01 200 1915 - 76.622 ms","service":"courseIntro-service","timestamp":"2026-06-12T18:42:37.599Z"}
{"level":"info","message":"::1 GET /api/v1/review/69c792caac0488fe6c376c01?page=1&limit=20&sort=newest 200 659 - 112.400 ms","service":"review-service","timestamp":"2026-06-12T18:42:37.633Z"}
{"level":"info","message":"::1 GET /api/v1/courseIntro/69c792caac0488fe6c376c01 200 1915 - 86.590 ms","service":"courseIntro-service","timestamp":"2026-06-12T18:42:37.688Z"}
{"level":"info","message":"::1 GET /api/v1/chapter/course/69c792caac0488fe6c376c01 200 5450 - 91.813 ms","service":"chapter-service","timestamp":"2026-06-12T18:42:37.692Z"}
{"level":"info","message":"::1 GET /api/v1/review/69c792caac0488fe6c376c01?page=1&limit=20&sort=newest 200 659 - 94.360 ms","service":"review-service","timestamp":"2026-06-12T18:42:37.728Z"}
{"level":"info","message":"::1 GET /api/v1/content/chapter/69c7e077dd690ea89c86bf4a?page=1&limit=10 200 4378 - 45.316 ms","service":"content-service","timestamp":"2026-06-12T18:42:39.158Z"}
{"level":"info","message":"::1 GET /api/v1/mcqPaper/list?chapterId=69c7e077dd690ea89c86bf4a&status=published 200 1055 - 101.566 ms","service":"mcqPaper-service","timestamp":"2026-06-12T18:42:39.263Z"}
{"level":"info","message":"::1 GET /api/v1/category/public/all?page=1&limit=100 200 2892 - 46.072 ms","service":"category-service","timestamp":"2026-06-12T18:42:41.512Z"}
{"level":"info","message":"::1 GET /api/v1/category/public/all?page=1&limit=100 200 2892 - 44.060 ms","service":"category-service","timestamp":"2026-06-12T18:42:41.558Z"}
{"level":"info","message":"::1 GET /api/v1/category/public/all?page=1&limit=100 200 2892 - 209.706 ms","service":"category-service","timestamp":"2026-06-12T18:43:20.391Z"}
{"level":"info","message":"::1 GET /api/v1/category/public/all?page=1&limit=100 200 2892 - 34.782 ms","service":"category-service","timestamp":"2026-06-12T18:43:20.427Z"}
{"level":"info","message":"::1 GET /api/v1/category/public/all?page=1&limit=100 200 2892 - 256.321 ms","service":"category-service","timestamp":"2026-06-12T18:43:27.437Z"}
{"level":"info","message":"::1 GET /api/v1/category/public/all?page=1&limit=100 200 2892 - 109.111 ms","service":"category-service","timestamp":"2026-06-12T18:43:27.547Z"}
{"level":"info","message":"::1 GET /api/v1/category/public/all?page=1&limit=100 200 2892 - 104.847 ms","service":"category-service","timestamp":"2026-06-12T18:44:05.530Z"}
{"level":"info","message":"::1 GET /api/v1/category/public/all?page=1&limit=100 200 2892 - 191.037 ms","service":"category-service","timestamp":"2026-06-12T18:44:05.722Z"}
{"level":"info","message":"::1 GET /api/v1/category/public/all?page=1&limit=100 200 2892 - 34.036 ms","service":"category-service","timestamp":"2026-06-12T18:44:21.507Z"}
{"level":"info","message":"::1 GET /api/v1/category/public/all?page=1&limit=100 200 2892 - 34.203 ms","service":"category-service","timestamp":"2026-06-12T18:44:21.544Z"}
{"level":"info","message":"::1 GET /api/v1/category/public/all?page=1&limit=100 200 2892 - 155.933 ms","service":"category-service","timestamp":"2026-06-12T18:44:35.942Z"}
{"level":"info","message":"::1 GET /api/v1/category/public/all?page=1&limit=100 200 2892 - 204.248 ms","service":"category-service","timestamp":"2026-06-12T18:44:36.147Z"}
{"level":"info","message":"::1 GET /api/v1/category/public/all?page=1&limit=100 200 2892 - 57.462 ms","service":"category-service","timestamp":"2026-06-12T18:44:43.977Z"}
{"level":"info","message":"::1 GET /api/v1/category/public/all?page=1&limit=100 200 2892 - 59.802 ms","service":"category-service","timestamp":"2026-06-12T18:44:44.039Z"}
{"level":"info","message":"::1 GET /api/v1/mcqQuestion/all?paperId=6a2c1738094029dadde818b4&page=1&limit=10 200 7138 - 65.078 ms","service":"mcqQuestion-service","timestamp":"2026-06-12T18:46:23.872Z"}
{"level":"info","message":"::1 GET /api/v1/mcqQuestion/all?paperId=6a2c1738094029dadde818b4&page=1&limit=10 200 7138 - 62.137 ms","service":"mcqQuestion-service","timestamp":"2026-06-12T18:56:58.883Z"}
{"level":"info","message":"::1 GET /api/v1/category/public/all?page=1&limit=100 401 1306 - 0.619 ms","service":"category-service","timestamp":"2026-06-12T19:02:19.069Z"}
{"level":"info","message":"::1 GET /api/v1/mcqQuestion/all?paperId=6a2c1738094029dadde818b4&page=1&limit=10 401 1306 - 0.671 ms","service":"mcqQuestion-service","timestamp":"2026-06-12T19:02:19.072Z"}
{"level":"info","message":"::1 GET /api/v1/mcqQuestion/all?paperId=6a2c1738094029dadde818b4&page=1&limit=10 401 1306 - 0.532 ms","service":"mcqQuestion-service","timestamp":"2026-06-12T19:02:19.073Z"}
{"level":"info","message":"::1 GET /api/v1/category/public/all?page=1&limit=100 401 1306 - 0.304 ms","service":"category-service","timestamp":"2026-06-12T19:02:19.074Z"}
{"level":"info","message":"::1 POST /api/v1/auth/refresh-token 200 168 - 182.383 ms","service":"auth-service","timestamp":"2026-06-12T19:02:19.274Z"}
{"level":"info","message":"::1 GET /api/v1/category/public/all?page=1&limit=100 200 2892 - 38.798 ms","service":"category-service","timestamp":"2026-06-12T19:02:19.316Z"}
{"level":"info","message":"::1 GET /api/v1/mcqQuestion/all?paperId=6a2c1738094029dadde818b4&page=1&limit=10 200 7138 - 38.770 ms","service":"mcqQuestion-service","timestamp":"2026-06-12T19:02:19.318Z"}
{"level":"info","message":"::1 GET /api/v1/category/public/all?page=1&limit=100 200 2892 - 46.552 ms","service":"category-service","timestamp":"2026-06-12T19:02:19.364Z"}
{"level":"info","message":"::1 GET /api/v1/mcqQuestion/all?paperId=6a2c1738094029dadde818b4&page=1&limit=10 200 7138 - 44.969 ms","service":"mcqQuestion-service","timestamp":"2026-06-12T19:02:19.364Z"}
{"level":"info","message":"::1 GET /api/v1/category/public/all?page=1&limit=100 200 2892 - 236.366 ms","service":"category-service","timestamp":"2026-06-12T19:02:25.205Z"}
{"level":"info","message":"::1 GET /api/v1/mcqQuestion/all?paperId=6a2c1738094029dadde818b4&page=1&limit=10 200 7138 - 235.579 ms","service":"mcqQuestion-service","timestamp":"2026-06-12T19:02:25.206Z"}
{"level":"info","message":"::1 GET /api/v1/category/public/all?page=1&limit=100 200 2892 - 150.525 ms","service":"category-service","timestamp":"2026-06-12T19:02:25.358Z"}
{"level":"info","message":"::1 GET /api/v1/mcqQuestion/all?paperId=6a2c1738094029dadde818b4&page=1&limit=10 200 7138 - 150.789 ms","service":"mcqQuestion-service","timestamp":"2026-06-12T19:02:25.359Z"}
{"level":"info","message":"::1 GET /api/v1/category/public/all?page=1&limit=100 200 2892 - 55.884 ms","service":"category-service","timestamp":"2026-06-12T19:03:48.574Z"}
{"level":"info","message":"::1 GET /api/v1/mcqQuestion/all?paperId=6a2c1738094029dadde818b4&page=1&limit=10 200 7138 - 56.245 ms","service":"mcqQuestion-service","timestamp":"2026-06-12T19:03:48.576Z"}
{"level":"info","message":"::1 GET /api/v1/category/public/all?page=1&limit=100 200 2892 - 102.517 ms","service":"category-service","timestamp":"2026-06-12T19:03:48.680Z"}
{"level":"info","message":"::1 GET /api/v1/mcqQuestion/all?paperId=6a2c1738094029dadde818b4&page=1&limit=10 200 7138 - 101.420 ms","service":"mcqQuestion-service","timestamp":"2026-06-12T19:03:48.681Z"}
{"level":"info","message":"::1 GET /api/v1/category/public/all?page=1&limit=100 200 2892 - 36.113 ms","service":"category-service","timestamp":"2026-06-12T19:04:17.666Z"}
{"level":"info","message":"::1 GET /api/v1/mcqQuestion/all?paperId=6a2c1738094029dadde818b4&page=1&limit=10 200 7138 - 39.560 ms","service":"mcqQuestion-service","timestamp":"2026-06-12T19:04:17.671Z"}
{"level":"info","message":"::1 GET /api/v1/category/public/all?page=1&limit=100 200 2892 - 72.462 ms","service":"category-service","timestamp":"2026-06-12T19:04:17.740Z"}
{"level":"info","message":"::1 GET /api/v1/mcqQuestion/all?paperId=6a2c1738094029dadde818b4&page=1&limit=10 200 7138 - 68.004 ms","service":"mcqQuestion-service","timestamp":"2026-06-12T19:04:17.742Z"}
{"level":"info","message":"::1 GET /api/v1/category/public/all?page=1&limit=100 200 2892 - 212.036 ms","service":"category-service","timestamp":"2026-06-12T19:11:04.675Z"}
{"level":"info","message":"::1 GET /api/v1/mcqQuestion/all?paperId=6a2c1738094029dadde818b4&page=1&limit=10 200 7138 - 217.432 ms","service":"mcqQuestion-service","timestamp":"2026-06-12T19:11:04.681Z"}
{"level":"info","message":"::1 GET /api/v1/category/public/all?page=1&limit=100 200 2892 - 112.707 ms","service":"category-service","timestamp":"2026-06-12T19:11:04.789Z"}
{"level":"info","message":"::1 GET /api/v1/mcqQuestion/all?paperId=6a2c1738094029dadde818b4&page=1&limit=10 200 7138 - 114.006 ms","service":"mcqQuestion-service","timestamp":"2026-06-12T19:11:04.797Z"}
{"level":"info","message":"::1 OPTIONS /api/v1/mcqSubmission/create 204 0 - 0.135 ms","service":"mcqSubmission-service","timestamp":"2026-06-12T19:11:32.632Z"}
{"level":"info","message":"::1 POST /api/v1/mcqSubmission/create 201 1791 - 1235.367 ms","service":"mcqSubmission-service","timestamp":"2026-06-12T19:11:33.868Z"}
{"level":"info","message":"::1 GET /api/v1/mcqQuestion/all?paperId=6a2c1738094029dadde818b4&page=1&limit=10 200 7138 - 59.173 ms","service":"mcqQuestion-service","timestamp":"2026-06-12T19:12:11.111Z"}
{"level":"info","message":"::1 GET /api/v1/mcqQuestion/all?paperId=6a2c1738094029dadde818b4&page=1&limit=10 200 7138 - 137.649 ms","service":"mcqQuestion-service","timestamp":"2026-06-12T19:12:11.250Z"}
{"level":"info","message":"::1 GET /api/v1/category/public/all?page=1&limit=100 200 2892 - 420.691 ms","service":"category-service","timestamp":"2026-06-12T19:12:11.470Z"}
{"level":"info","message":"::1 GET /api/v1/category/public/all?page=1&limit=100 200 2892 - 175.623 ms","service":"category-service","timestamp":"2026-06-12T19:12:11.647Z"}
{"level":"info","message":"::1 POST /api/v1/auth/login 200 378 - 941.938 ms","service":"auth-service","timestamp":"2026-06-12T19:57:47.672Z"}
{"level":"info","message":"::1 GET /api/v1/category/public/all?page=1&limit=100 401 1306 - 5.417 ms","service":"category-service","timestamp":"2026-06-13T11:40:11.667Z"}
{"level":"info","message":"::1 GET /api/v1/category/public/all?page=1&limit=100 401 1306 - 0.709 ms","service":"category-service","timestamp":"2026-06-13T11:40:11.673Z"}
{"level":"info","message":"::1 GET /api/v1/category/public/all?page=1&limit=100 401 1306 - 0.633 ms","service":"category-service","timestamp":"2026-06-13T11:40:11.675Z"}
{"level":"info","message":"::1 GET /api/v1/category/public/all?page=1&limit=100 401 1306 - 0.945 ms","service":"category-service","timestamp":"2026-06-13T11:40:11.679Z"}
{"level":"info","message":"::1 GET /api/v1/course/public/all?page=1&limit=8 401 1306 - 1.184 ms","service":"course-service","timestamp":"2026-06-13T11:40:11.684Z"}
{"level":"info","message":"::1 GET /api/v1/course/public/all?page=1&limit=8 401 1306 - 0.668 ms","service":"course-service","timestamp":"2026-06-13T11:40:11.687Z"}
{"level":"info","message":"::1 GET /api/v1/category/public/all?page=1&limit=100 401 1306 - 0.703 ms","service":"category-service","timestamp":"2026-06-13T11:42:39.668Z"}
{"level":"info","message":"::1 GET /api/v1/category/public/all?page=1&limit=100 401 1306 - 0.471 ms","service":"category-service","timestamp":"2026-06-13T11:42:39.671Z"}
{"level":"info","message":"::1 GET /api/v1/category/public/all?page=1&limit=100 401 1306 - 0.729 ms","service":"category-service","timestamp":"2026-06-13T11:42:39.674Z"}
{"level":"info","message":"::1 GET /api/v1/category/public/all?page=1&limit=100 401 1306 - 0.966 ms","service":"category-service","timestamp":"2026-06-13T11:42:39.678Z"}
{"level":"info","message":"::1 GET /api/v1/course/public/all?page=1&limit=8 401 1306 - 0.995 ms","service":"course-service","timestamp":"2026-06-13T11:42:39.684Z"}
{"level":"info","message":"::1 GET /api/v1/course/public/all?page=1&limit=8 401 1306 - 0.736 ms","service":"course-service","timestamp":"2026-06-13T11:42:39.687Z"}
