{"level":"info","message":"[AllCoursesFetched] RID: a7256878-a0f6-40b4-862f-4d6e9c7a1f83 - Count: 4","service":"course-service","timestamp":"2026-06-12T18:42:35.209Z"}
{"level":"info","message":"[CategoriesFetched] RID: 8fb44c56-2ba0-49bc-9ef7-da1952c048e1 - Count: 6","service":"course-service","timestamp":"2026-06-12T18:42:35.430Z"}
{"level":"info","message":"[AllCoursesFetched] RID: d94f0748-97a0-4c30-ad2e-94d97bccd975 - Count: 4","service":"course-service","timestamp":"2026-06-12T18:42:35.458Z"}
{"level":"info","message":"[CategoriesFetched] RID: 507fa0ef-5b6c-44f3-addf-cf7e22a9b978 - Count: 6","service":"course-service","timestamp":"2026-06-12T18:42:35.470Z"}
{"level":"info","message":"[529b106b-beb2-4481-806e-0ba1088e12ef] Controller: Fetching reviews for Course: 69c792caac0488fe6c376c01","service":"course-service","timestamp":"2026-06-12T18:42:37.528Z"}
{"level":"info","message":"[529b106b-beb2-4481-806e-0ba1088e12ef] Service: Fetching reviews for Course: 69c792caac0488fe6c376c01 | Page: 1 | Sort: newest","service":"course-service","timestamp":"2026-06-12T18:42:37.528Z"}
{"level":"info","message":"[14b8b859-6a7d-441f-8a43-f7da5858353c] Controller: Fetching Course Intro for Course: 69c792caac0488fe6c376c01","service":"course-service","timestamp":"2026-06-12T18:42:37.530Z"}
{"level":"info","message":"[65b6b333-4a34-4b65-86b5-b40790eb3581] Service: Fetching all chapters for Course: 69c792caac0488fe6c376c01","service":"course-service","timestamp":"2026-06-12T18:42:37.533Z"}
{"level":"info","message":"[9dac791a-5a47-4564-9a8d-02135734cb32] Controller: Fetching Course Intro for Course: 69c792caac0488fe6c376c01","service":"course-service","timestamp":"2026-06-12T18:42:37.605Z"}
{"level":"info","message":"[fc234c4e-39ad-44d4-8669-4cffe7a5a2b9] Service: Fetching all chapters for Course: 69c792caac0488fe6c376c01","service":"course-service","timestamp":"2026-06-12T18:42:37.608Z"}
{"level":"info","message":"[529b106b-beb2-4481-806e-0ba1088e12ef] Service: Successfully enriched 1 reviews with user data","service":"course-service","timestamp":"2026-06-12T18:42:37.631Z"}
{"level":"info","message":"[5e6db14c-90a7-475b-8d03-1018732deac6] Controller: Fetching reviews for Course: 69c792caac0488fe6c376c01","service":"course-service","timestamp":"2026-06-12T18:42:37.637Z"}
{"level":"info","message":"[5e6db14c-90a7-475b-8d03-1018732deac6] Service: Fetching reviews for Course: 69c792caac0488fe6c376c01 | Page: 1 | Sort: newest","service":"course-service","timestamp":"2026-06-12T18:42:37.638Z"}
{"level":"info","message":"[5e6db14c-90a7-475b-8d03-1018732deac6] Service: Successfully enriched 1 reviews with user data","service":"course-service","timestamp":"2026-06-12T18:42:37.726Z"}
{"level":"info","message":"[87015008-6292-4b54-91e6-4743fc76ee70] Service: Fetching contents for Chapter: 69c7e077dd690ea89c86bf4a","service":"course-service","timestamp":"2026-06-12T18:42:39.115Z"}
{"errorCode":"INTERNAL_ERROR","ip":"::1","level":"error","message":"Authentication required. Please login.","method":"GET","path":"/api/v1/chapter/69c7e077dd690ea89c86bf4a","requestId":"bfe20e96-c2da-42f8-810c-efb3bb8855c2","service":"course-service","stack":"Error: Authentication required. Please login.\n    at file:///C:/all-desktop-project/xynapse-mono-repo/packages/common/src/middleware/auth.js:12:11\n    at file:///C:/all-desktop-project/xynapse-mono-repo/packages/common/src/middleware/CatchAsyncError.js:3:21\n    at Layer.handle [as handle_request] (C:\\all-desktop-project\\xynapse-mono-repo\\node_modules\\express\\lib\\router\\layer.js:95:5)\n    at next (C:\\all-desktop-project\\xynapse-mono-repo\\node_modules\\express\\lib\\router\\route.js:149:13)\n    at attachRequestId (file:///C:/all-desktop-project/xynapse-mono-repo/packages/common/src/middleware/requestId.js:11:3)\n    at Layer.handle [as handle_request] (C:\\all-desktop-project\\xynapse-mono-repo\\node_modules\\express\\lib\\router\\layer.js:95:5)\n    at next (C:\\all-desktop-project\\xynapse-mono-repo\\node_modules\\express\\lib\\router\\route.js:149:13)\n    at Route.dispatch (C:\\all-desktop-project\\xynapse-mono-repo\\node_modules\\express\\lib\\router\\route.js:119:3)\n    at Layer.handle [as handle_request] (C:\\all-desktop-project\\xynapse-mono-repo\\node_modules\\express\\lib\\router\\layer.js:95:5)\n    at C:\\all-desktop-project\\xynapse-mono-repo\\node_modules\\express\\lib\\router\\index.js:284:15","statusCode":401,"timestamp":"2026-06-12T18:42:39.210Z"}
{"level":"info","message":"[CategoriesFetched] RID: 0dacbf25-52dc-4cf2-9f71-ecb8ec780104 - Count: 6","service":"course-service","timestamp":"2026-06-12T18:42:41.510Z"}
{"level":"info","message":"[CategoriesFetched] RID: 6ce66f21-b1a5-4519-b72c-6c6c9e004513 - Count: 6","service":"course-service","timestamp":"2026-06-12T18:42:41.556Z"}
{"level":"info","message":"[CategoriesFetched] RID: 06cdfb6d-7da3-4813-a053-79cf547d13e0 - Count: 6","service":"course-service","timestamp":"2026-06-12T18:43:20.389Z"}
{"level":"info","message":"[CategoriesFetched] RID: 4929cdde-d2f2-4c15-9cac-25c9b52bc563 - Count: 6","service":"course-service","timestamp":"2026-06-12T18:43:20.425Z"}
{"level":"info","message":"[CategoriesFetched] RID: cdc9e1d8-3229-402f-9802-6be66d2214de - Count: 6","service":"course-service","timestamp":"2026-06-12T18:43:27.435Z"}
{"level":"info","message":"[CategoriesFetched] RID: dbc1b0d2-a81d-41ef-bc74-8ceea41abfa5 - Count: 6","service":"course-service","timestamp":"2026-06-12T18:43:27.545Z"}
{"level":"info","message":"[CategoriesFetched] RID: 31a73cf2-10b4-4f11-84e4-8448281c46b3 - Count: 6","service":"course-service","timestamp":"2026-06-12T18:44:05.528Z"}
{"level":"info","message":"[CategoriesFetched] RID: ebc75a6e-edd4-44b5-89fc-d1dfedc5479f - Count: 6","service":"course-service","timestamp":"2026-06-12T18:44:05.721Z"}
{"level":"info","message":"[CategoriesFetched] RID: 4ba86e17-76db-49c7-b48b-b37d7d1d4ba1 - Count: 6","service":"course-service","timestamp":"2026-06-12T18:44:21.506Z"}
{"level":"info","message":"[CategoriesFetched] RID: 905d91ba-1f2e-4935-99f4-420085a9d4f4 - Count: 6","service":"course-service","timestamp":"2026-06-12T18:44:21.541Z"}
{"level":"info","message":"[CategoriesFetched] RID: b61582ca-c58c-44d4-b757-4a5fd640c979 - Count: 6","service":"course-service","timestamp":"2026-06-12T18:44:35.941Z"}
{"level":"info","message":"[CategoriesFetched] RID: 7e55327c-a1ce-4d73-b7aa-894674d8bd62 - Count: 6","service":"course-service","timestamp":"2026-06-12T18:44:36.146Z"}
{"level":"info","message":"[CategoriesFetched] RID: dfc2ec3e-63a3-45b7-a8f0-5aeab5462ae7 - Count: 6","service":"course-service","timestamp":"2026-06-12T18:44:43.976Z"}
{"level":"info","message":"[CategoriesFetched] RID: f398593e-bf9d-49b9-a92a-bbfc132a3644 - Count: 6","service":"course-service","timestamp":"2026-06-12T18:44:44.037Z"}
{"level":"info","message":"[CategoriesFetched] RID: 3cda06d7-5171-4bb9-900b-063894885db3 - Count: 6","service":"course-service","timestamp":"2026-06-12T19:02:19.315Z"}
{"level":"info","message":"[CategoriesFetched] RID: e95ae217-0d05-4fbd-bbeb-520fd8ccc984 - Count: 6","service":"course-service","timestamp":"2026-06-12T19:02:19.362Z"}
{"level":"info","message":"[CategoriesFetched] RID: 13b62c0b-e816-4c1a-97ea-2aebf3d356a0 - Count: 6","service":"course-service","timestamp":"2026-06-12T19:02:25.204Z"}
{"level":"info","message":"[CategoriesFetched] RID: 43d5b885-339c-4bb6-8404-8c22899b47a8 - Count: 6","service":"course-service","timestamp":"2026-06-12T19:02:25.356Z"}
{"level":"info","message":"[CategoriesFetched] RID: c55854b4-b167-4b98-b7b5-5dde5fecc05e - Count: 6","service":"course-service","timestamp":"2026-06-12T19:03:48.569Z"}
{"level":"info","message":"[CategoriesFetched] RID: 3d81be85-b5f2-4273-983a-313dfeb794dc - Count: 6","service":"course-service","timestamp":"2026-06-12T19:03:48.676Z"}
{"level":"info","message":"[CategoriesFetched] RID: bbc1be3b-1358-4e42-8177-ee7aa09e4d70 - Count: 6","service":"course-service","timestamp":"2026-06-12T19:04:17.661Z"}
{"level":"info","message":"[CategoriesFetched] RID: e147f878-06dd-4f4f-9f43-81cc52f7ed1a - Count: 6","service":"course-service","timestamp":"2026-06-12T19:04:17.736Z"}
{"level":"info","message":"[CategoriesFetched] RID: 0a9df14f-e637-4e18-8886-8d2287e0e438 - Count: 6","service":"course-service","timestamp":"2026-06-12T19:11:04.672Z"}
{"level":"info","message":"[CategoriesFetched] RID: e1b878db-6ec5-41e1-8466-87f5438b4618 - Count: 6","service":"course-service","timestamp":"2026-06-12T19:11:04.786Z"}
{"level":"error","message":"Error in verifyCourseService for ID 69c792caac0488fe6c376c01: mongoose is not defined","service":"course-service","timestamp":"2026-06-12T19:11:32.841Z"}
{"level":"info","message":"[CategoriesFetched] RID: 26db95f0-736a-40b4-980a-78b8df6467e1 - Count: 6","service":"course-service","timestamp":"2026-06-12T19:12:11.469Z"}
{"level":"info","message":"[CategoriesFetched] RID: b17c26dd-20ad-4ea7-ad35-9d2a109af8f4 - Count: 6","service":"course-service","timestamp":"2026-06-12T19:12:11.646Z"}
